Component: ARM Compiler 5.06 update 4 (build 422) Tool: armlink [4d35d2]

==============================================================================

Section Cross References

    startup_stm32f103xe.o(STACK) refers (Special) to heapauxi.o(.text) for __use_two_region_memory
    startup_stm32f103xe.o(HEAP) refers (Special) to heapauxi.o(.text) for __use_two_region_memory
    startup_stm32f103xe.o(RESET) refers (Special) to heapauxi.o(.text) for __use_two_region_memory
    startup_stm32f103xe.o(RESET) refers to startup_stm32f103xe.o(STACK) for __initial_sp
    startup_stm32f103xe.o(RESET) refers to startup_stm32f103xe.o(.text) for Reset_Handler
    startup_stm32f103xe.o(RESET) refers to stm32f1xx_it.o(i.NMI_Handler) for NMI_Handler
    startup_stm32f103xe.o(RESET) refers to stm32f1xx_it.o(i.HardFault_Handler) for HardFault_Handler
    startup_stm32f103xe.o(RESET) refers to stm32f1xx_it.o(i.MemManage_Handler) for MemManage_Handler
    startup_stm32f103xe.o(RESET) refers to stm32f1xx_it.o(i.BusFault_Handler) for BusFault_Handler
    startup_stm32f103xe.o(RESET) refers to stm32f1xx_it.o(i.UsageFault_Handler) for UsageFault_Handler
    startup_stm32f103xe.o(RESET) refers to stm32f1xx_it.o(i.SVC_Handler) for SVC_Handler
    startup_stm32f103xe.o(RESET) refers to stm32f1xx_it.o(i.DebugMon_Handler) for DebugMon_Handler
    startup_stm32f103xe.o(RESET) refers to stm32f1xx_it.o(i.PendSV_Handler) for PendSV_Handler
    startup_stm32f103xe.o(RESET) refers to stm32f1xx_it.o(i.SysTick_Handler) for SysTick_Handler
    startup_stm32f103xe.o(RESET) refers to exti.o(i.EXTI0_IRQHandler) for EXTI0_IRQHandler
    startup_stm32f103xe.o(RESET) refers to exti.o(i.EXTI9_5_IRQHandler) for EXTI9_5_IRQHandler
    startup_stm32f103xe.o(RESET) refers to gtim.o(i.TIM3_IRQHandler) for TIM3_IRQHandler
    startup_stm32f103xe.o(RESET) refers to usart.o(i.USART1_IRQHandler) for USART1_IRQHandler
    startup_stm32f103xe.o(RESET) refers to exti.o(i.EXTI15_10_IRQHandler) for EXTI15_10_IRQHandler
    startup_stm32f103xe.o(.text) refers (Special) to heapauxi.o(.text) for __use_two_region_memory
    startup_stm32f103xe.o(.text) refers to system_stm32f1xx.o(i.SystemInit) for SystemInit
    startup_stm32f103xe.o(.text) refers to __main.o(!!!main) for __main
    startup_stm32f103xe.o(.text) refers to startup_stm32f103xe.o(HEAP) for Heap_Mem
    startup_stm32f103xe.o(.text) refers to startup_stm32f103xe.o(STACK) for Stack_Mem
    main.o(i.main) refers to stm32f1xx_hal.o(i.HAL_Init) for HAL_Init
    main.o(i.main) refers to sys.o(i.sys_stm32_clock_init) for sys_stm32_clock_init
    main.o(i.main) refers to delay.o(i.delay_init) for delay_init
    main.o(i.main) refers to usart.o(i.usart_init) for usart_init
    main.o(i.main) refers to led.o(i.led_init) for led_init
    main.o(i.main) refers to lcd.o(i.lcd_init) for lcd_init
    main.o(i.main) refers to exti.o(i.extix_init) for extix_init
    main.o(i.main) refers to lcd.o(i.show_picture) for show_picture
    main.o(i.main) refers to lcd.o(i.Show_Graph) for Show_Graph
    main.o(i.main) refers to delay.o(i.delay_ms) for delay_ms
    main.o(i.main) refers to lcd.o(i.lcd_clear) for lcd_clear
    main.o(i.main) refers to gtim.o(i.game_explain) for game_explain
    main.o(i.main) refers to touch.o(.data) for tp_dev
    main.o(i.main) refers to lcd.o(.data) for g_point_color
    main.o(i.main) refers to array_chinese.o(.constdata) for gImage_1
    system_stm32f1xx.o(i.SystemCoreClockUpdate) refers to system_stm32f1xx.o(.data) for SystemCoreClock
    system_stm32f1xx.o(i.SystemCoreClockUpdate) refers to system_stm32f1xx.o(.constdata) for AHBPrescTable
    stm32f1xx_it.o(i.SysTick_Handler) refers to stm32f1xx_hal.o(i.HAL_IncTick) for HAL_IncTick
    delay.o(i.HAL_Delay) refers to delay.o(i.delay_ms) for delay_ms
    delay.o(i.delay_init) refers to delay.o(.data) for g_fac_us
    delay.o(i.delay_ms) refers to delay.o(i.delay_us) for delay_us
    delay.o(i.delay_us) refers to delay.o(.data) for g_fac_us
    sys.o(i.sys_stm32_clock_init) refers to rt_memclr_w.o(.text) for __aeabi_memclr4
    sys.o(i.sys_stm32_clock_init) refers to stm32f1xx_hal_rcc.o(i.HAL_RCC_OscConfig) for HAL_RCC_OscConfig
    sys.o(i.sys_stm32_clock_init) refers to stm32f1xx_hal_rcc.o(i.HAL_RCC_ClockConfig) for HAL_RCC_ClockConfig
    usart.o(.rev16_text) refers (Special) to use_no_semi_2.o(.text) for __use_no_semihosting
    usart.o(.revsh_text) refers (Special) to use_no_semi_2.o(.text) for __use_no_semihosting
    usart.o(.rrx_text) refers (Special) to use_no_semi_2.o(.text) for __use_no_semihosting
    usart.o(i.HAL_UART_MspInit) refers (Special) to use_no_semi_2.o(.text) for __use_no_semihosting
    usart.o(i.HAL_UART_MspInit) refers to stm32f1xx_hal_gpio.o(i.HAL_GPIO_Init) for HAL_GPIO_Init
    usart.o(i.HAL_UART_MspInit) refers to stm32f1xx_hal_cortex.o(i.HAL_NVIC_EnableIRQ) for HAL_NVIC_EnableIRQ
    usart.o(i.HAL_UART_MspInit) refers to stm32f1xx_hal_cortex.o(i.HAL_NVIC_SetPriority) for HAL_NVIC_SetPriority
[...]
    x$fpl$dmul                               0x0800b458   Section      340  dmul.o(x$fpl$dmul)
    x$fpl$dnaninf                            0x0800b5ac   Section      156  dnaninf.o(x$fpl$dnaninf)
    x$fpl$dretinf                            0x0800b648   Section       12  dretinf.o(x$fpl$dretinf)
    x$fpl$drleqf                             0x0800b654   Section      108  drleqf.o(x$fpl$drleqf)
    x$fpl$fadd                               0x0800b6c0   Section      196  faddsub_clz.o(x$fpl$fadd)
    _fadd1                                   0x0800b6cf   Thumb Code     0  faddsub_clz.o(x$fpl$fadd)
    x$fpl$fdiv                               0x0800b784   Section      388  fdiv.o(x$fpl$fdiv)
    _fdiv1                                   0x0800b785   Thumb Code     0  fdiv.o(x$fpl$fdiv)
    x$fpl$ffixu                              0x0800b908   Section       62  ffixu.o(x$fpl$ffixu)
    x$fpl$fflt                               0x0800b948   Section       48  fflt_clz.o(x$fpl$fflt)
    x$fpl$fnaninf                            0x0800b978   Section      140  fnaninf.o(x$fpl$fnaninf)
    x$fpl$fretinf                            0x0800ba04   Section       10  fretinf.o(x$fpl$fretinf)
    x$fpl$fsub                               0x0800ba10   Section      234  faddsub_clz.o(x$fpl$fsub)
    _fsub1                                   0x0800ba1f   Thumb Code     0  faddsub_clz.o(x$fpl$fsub)
    x$fpl$printf1                            0x0800bafa   Section        4  printf1.o(x$fpl$printf1)
    .constdata                               0x0800bafe   Section       24  system_stm32f1xx.o(.constdata)
    x$fpl$usenofp                            0x0800bafe   Section        0  usenofp.o(x$fpl$usenofp)
    .constdata                               0x0800bb16   Section    96032  array_chinese.o(.constdata)
    .constdata                               0x08023238   Section       12  gtim.o(.constdata)
    .constdata                               0x08023244   Section    12160  lcd.o(.constdata)
    .constdata                               0x080261c4   Section       10  ft5206.o(.constdata)
    .constdata                               0x080261ce   Section       20  gt9xxx.o(.constdata)
    .constdata                               0x080261e4   Section        4  touch.o(.constdata)
    .constdata                               0x080261e8   Section       40  _printf_hex_int.o(.constdata)
    uc_hextab                                0x080261e8   Data          20  _printf_hex_int.o(.constdata)
    lc_hextab                                0x080261fc   Data          20  _printf_hex_int.o(.constdata)
    .constdata                               0x08026210   Section       17  __printf_flags_wp.o(.constdata)
    maptable                                 0x08026210   Data          17  __printf_flags_wp.o(.constdata)
    .constdata                               0x08026224   Section      148  bigflt0.o(.constdata)
    tenpwrs_x                                0x08026224   Data          60  bigflt0.o(.constdata)
    tenpwrs_i                                0x08026260   Data          64  bigflt0.o(.constdata)
    .conststring                             0x080262b8   Section      121  touch.o(.conststring)
    locale$$data                             0x08026354   Section       28  lc_numeric_c.o(locale$$data)
    __lcnum_c_name                           0x08026358   Data           2  lc_numeric_c.o(locale$$data)
    __lcnum_c_start                          0x08026360   Data           0  lc_numeric_c.o(locale$$data)
    __lcnum_c_point                          0x0802636c   Data           0  lc_numeric_c.o(locale$$data)
    __lcnum_c_thousands                      0x0802636e   Data           0  lc_numeric_c.o(locale$$data)
    __lcnum_c_grouping                       0x0802636f   Data           0  lc_numeric_c.o(locale$$data)
    __lcnum_c_end                            0x08026370   Data           0  lc_numeric_c.o(locale$$data)
    .data                                    0x20000000   Section        4  system_stm32f1xx.o(.data)
    .data                                    0x20000004   Section        4  delay.o(.data)
    g_fac_us                                 0x20000004   Data           4  delay.o(.data)
    .data                                    0x20000008   Section        7  usart.o(.data)
    .data                                    0x20000010   Section        9  stm32f1xx_hal.o(.data)
    .data                                    0x2000001c   Section       16  gtim.o(.data)
    .data                                    0x2000002c   Section        8  lcd.o(.data)
    .data                                    0x20000034   Section        1  ft5206.o(.data)
    t                                        0x20000034   Data           1  ft5206.o(.data)
    .data                                    0x20000035   Section        2  gt9xxx.o(.data)
    t                                        0x20000036   Data           1  gt9xxx.o(.data)
    .data                                    0x20000038   Section       72  touch.o(.data)
    .bss                                     0x20000080   Section      264  usart.o(.bss)
    .bss                                     0x20000188   Section      880  gtim.o(.bss)
    .bss                                     0x200004f8   Section       14  lcd.o(.bss)
    .bss                                     0x20000508   Section      228  rand.o(.bss)
    .bss                                     0x200005ec   Section       96  libspace.o(.bss)
    HEAP                                     0x20000650   Section      512  startup_stm32f103xe.o(HEAP)
    Heap_Mem                                 0x20000650   Data         512  startup_stm32f103xe.o(HEAP)
    STACK                                    0x20000850   Section     1024  startup_stm32f103xe.o(STACK)
    Stack_Mem                                0x20000850   Data        1024  startup_stm32f103xe.o(STACK)
    __initial_sp                             0x20000c50   Data           0  startup_stm32f103xe.o(STACK)

    Global Symbols

    Symbol Name                              Value     Ov Type        Size  Object(Section)

    BuildAttributes$$THM_ISAv4$P$D$K$B$S$PE$A:L22UL41UL21$X:L11$S22US41US21$IEEE1$IW$USESV6$~STKCKD$USESV7$~SHL$OTIME$ROPI$IEEEJ$EBA8$UX$STANDARDLIB$REQ8$PRES8$EABIv2 0x00000000   Number         0  anon$$obj.o ABSOLUTE
    __ARM_use_no_argv                        0x00000000   Number         0  main.o ABSOLUTE
    _printf_flags                            0x00000000   Number         0  printf_stubs.o ABSOLUTE
    _printf_return_value                     0x00000000   Number         0  printf_stubs.o ABSOLUTE
    _printf_sizespec                         0x00000000   Number         0  printf_stubs.o ABSOLUTE
    _printf_widthprec                        0x00000000   Number         0  printf_stubs.o ABSOLUTE
    __ARM_exceptions_init                     - Undefined Weak Reference
    __alloca_initialize                       - Undefined Weak Reference
    __arm_preinit_                            - Undefined Weak Reference
    __cpp_initialize__aeabi_                  - Undefined Weak Reference
    __cxa_finalize                            - Undefined Weak Reference
    __sigvec_lookup                           - Undefined Weak Reference
    _atexit_init                              - Undefined Weak Reference
    _call_atexit_fns                          - Undefined Weak Reference
    _clock_init                               - Undefined Weak Reference
    _fp_trap_init                             - Undefined Weak Reference
    _fp_trap_shutdown                         - Undefined Weak Reference
    _get_lc_collate                           - Undefined Weak Reference
    _get_lc_ctype                             - Undefined Weak Reference
    _get_lc_monetary                          - Undefined Weak Reference
    _get_lc_time                              - Undefined Weak Reference
    _getenv_init                              - Undefined Weak Reference
    _handle_redirection                       - Undefined Weak Reference
    _init_alloc                               - Undefined Weak Reference
    _init_user_alloc                          - Undefined Weak Reference
    _initio                                   - Undefined Weak Reference
    _mutex_acquire                            - Undefined Weak Reference
    _mutex_release                            - Undefined Weak Reference
    _printf_mbtowc                            - Undefined Weak Reference
    _printf_post_padding                      - Undefined Weak Reference
    _printf_pre_padding                       - Undefined Weak Reference
    _printf_truncate_signed                   - Undefined Weak Reference
    _printf_truncate_unsigned                 - Undefined Weak Reference
    _signal_finish                            - Undefined Weak Reference
    _signal_init                              - Undefined Weak Reference
    _terminate_alloc                          - Undefined Weak Reference
    _terminate_user_alloc                     - Undefined Weak Reference
    _terminateio                              - Undefined Weak Reference
    __Vectors_Size                           0x00000130   Number         0  startup_stm32f103xe.o ABSOLUTE
    __Vectors                                0x08000000   Data           4  startup_stm32f103xe.o(RESET)
    __Vectors_End                            0x08000130   Data           0  startup_stm32f103xe.o(RESET)
    __main                                   0x08000131   Thumb Code     8  __main.o(!!!main)
    __scatterload                            0x08000139   Thumb Code     0  __scatter.o(!!!scatter)
    __scatterload_rt2                        0x08000139   Thumb Code    44  __scatter.o(!!!scatter)
    __scatterload_rt2_thumb_only             0x08000139   Thumb Code     0  __scatter.o(!!!scatter)
    __scatterload_null                       0x08000147   Thumb Code     0  __scatter.o(!!!scatter)
    __scatterload_copy                       0x0800016d   Thumb Code    26  __scatter_copy.o(!!handler_copy)
    __scatterload_zeroinit                   0x08000189   Thumb Code    28  __scatter_zi.o(!!handler_zi)
    _printf_f                                0x080001a5   Thumb Code     0  _printf_f.o(.ARM.Collect$$_printf_percent$$00000003)
    _printf_percent                          0x080001a5   Thumb Code     0  _printf_percent.o(.ARM.Collect$$_printf_percent$$00000000)
    _printf_d                                0x080001ab   Thumb Code     0  _printf_d.o(.ARM.Collect$$_printf_percent$$00000009)
    _printf_x                                0x080001b1   Thumb Code     0  _printf_x.o(.ARM.Collect$$_printf_percent$$0000000C)
    _printf_s                                0x080001b7   Thumb Code     0  _printf_s.o(.ARM.Collect$$_printf_percent$$00000014)
    _printf_percent_end                      0x080001bd   Thumb Code     0  _printf_percent_end.o(.ARM.Collect$$_printf_percent$$00000017)
    __rt_lib_init                            0x080001c1   Thumb Code     0  libinit.o(.ARM.Collect$$libinit$$00000000)
    __rt_lib_init_fp_1                       0x080001c3   Thumb Code     0  libinit2.o(.ARM.Collect$$libinit$$00000002)
    __rt_lib_init_heap_1                     0x080001c3   Thumb Code     0  libinit2.o(.ARM.Collect$$libinit$$0000000A)
    __rt_lib_init_preinit_1                  0x080001c3   Thumb Code     0  libinit2.o(.ARM.Collect$$libinit$$00000004)
    __rt_lib_init_rand_2                     0x080001c3   Thumb Code     0  libinit2.o(.ARM.Collect$$libinit$$0000000D)
    __rt_lib_init_user_alloc_1               0x080001c3   Thumb Code     0  libinit2.o(.ARM.Collect$$libinit$$0000000C)
    __rt_lib_init_lc_common                  0x080001c7   Thumb Code     0  libinit2.o(.ARM.Collect$$libinit$$0000000F)
    __rt_lib_init_rand_1                     0x080001c7   Thumb Code     0  libinit2.o(.ARM.Collect$$libinit$$0000000E)
    __rt_lib_init_lc_collate_1               0x080001cd   Thumb Code     0  libinit2.o(.ARM.Collect$$libinit$$00000011)
    __rt_lib_init_lc_ctype_1                 0x080001cd   Thumb Code     0  libinit2.o(.ARM.Collect$$libinit$$00000013)
    __rt_lib_init_lc_monetary_1              0x080001cd   Thumb Code     0  libinit2.o(.ARM.Collect$$libinit$$00000015)
    __rt_lib_init_lc_numeric_2               0x080001cd   Thumb Code     0  libinit2.o(.ARM.Collect$$libinit$$00000016)
    __rt_lib_init_alloca_1                   0x080001d7   Thumb Code     0  libinit2.o(.ARM.Collect$$libinit$$0000002E)
    __rt_lib_init_argv_1                     0x080001d7   Thumb Code     0  libinit2.o(.ARM.Collect$$libinit$$0000002C)
    __rt_lib_init_atexit_1                   0x080001d7   Thumb Code     0  libinit2.o(.ARM.Collect$$libinit$$0000001B)
    __rt_lib_init_clock_1                    0x080001d7   Thumb Code     0  libinit2.o(.ARM.Collect$$libinit$$00000021)
    __rt_lib_init_cpp_1                      0x080001d7   Thumb Code     0  libinit2.o(.ARM.Collect$$libinit$$00000032)
    __rt_lib_init_exceptions_1               0x080001d7   Thumb Code     0  libinit2.o(.ARM.Collect$$libinit$$00000030)
    __rt_lib_init_fp_trap_1                  0x080001d7   Thumb Code     0  libinit2.o(.ARM.Collect$$libinit$$0000001F)
    __rt_lib_init_getenv_1                   0x080001d7   Thumb Code     0  libinit2.o(.ARM.Collect$$libinit$$00000023)
    __rt_lib_init_lc_numeric_1               0x080001d7   Thumb Code     0  libinit2.o(.ARM.Collect$$libinit$$00000017)
    __rt_lib_init_lc_time_1                  0x080001d7   Thumb Code     0  libinit2.o(.ARM.Collect$$libinit$$00000019)
    __rt_lib_init_return                     0x080001d7   Thumb Code     0  libinit2.o(.ARM.Collect$$libinit$$00000033)
    __rt_lib_init_signal_1                   0x080001d7   Thumb Code     0  libinit2.o(.ARM.Collect$$libinit$$0000001D)
    __rt_lib_init_stdio_1                    0x080001d7   Thumb Code     0  libinit2.o(.ARM.Collect$$libinit$$00000025)
    __rt_lib_shutdown                        0x080001d9   Thumb Code     0  libshutdown.o(.ARM.Collect$$libshutdown$$00000000)
    __rt_lib_shutdown_cpp_1                  0x080001db   Thumb Code     0  libshutdown2.o(.ARM.Collect$$libshutdown$$00000002)
    __rt_lib_shutdown_fp_trap_1              0x080001db   Thumb Code     0  libshutdown2.o(.ARM.Collect$$libshutdown$$00000007)
    __rt_lib_shutdown_heap_1                 0x080001db   Thumb Code     0  libshutdown2.o(.ARM.Collect$$libshutdown$$0000000F)
    __rt_lib_shutdown_return                 0x080001db   Thumb Code     0  libshutdown2.o(.ARM.Collect$$libshutdown$$00000010)
    __rt_lib_shutdown_signal_1               0x080001db   Thumb Code     0  libshutdown2.o(.ARM.Collect$$libshutdown$$0000000A)
    __rt_lib_shutdown_stdio_1                0x080001db   Thumb Code     0  libshutdown2.o(.ARM.Collect$$libshutdown$$00000004)
    __rt_lib_shutdown_user_alloc_1           0x080001db   Thumb Code     0  libshutdown2.o(.ARM.Collect$$libshutdown$$0000000C)
    __rt_entry                               0x080001dd   Thumb Code     0  __rtentry.o(.ARM.Collect$$rtentry$$00000000)
    __rt_entry_presh_1                       0x080001dd   Thumb Code     0  __rtentry2.o(.ARM.Collect$$rtentry$$00000002)
    __rt_entry_sh                            0x080001dd   Thumb Code     0  __rtentry4.o(.ARM.Collect$$rtentry$$00000004)
    __rt_entry_li                            0x080001e3   Thumb Code     0  __rtentry2.o(.ARM.Collect$$rtentry$$0000000A)
    __rt_entry_postsh_1                      0x080001e3   Thumb Code     0  __rtentry2.o(.ARM.Collect$$rtentry$$00000009)
    __rt_entry_main                          0x080001e7   Thumb Code     0  __rtentry2.o(.ARM.Collect$$rtentry$$0000000D)
    __rt_entry_postli_1                      0x080001e7   Thumb Code     0  __rtentry2.o(.ARM.Collect$$rtentry$$0000000C)
    __rt_exit                                0x080001ef   Thumb Code     0  rtexit.o(.ARM.Collect$$rtexit$$00000000)
    __rt_exit_ls                             0x080001f1   Thumb Code     0  rtexit2.o(.ARM.Collect$$rtexit$$00000003)
    __rt_exit_prels_1                        0x080001f1   Thumb Code     0  rtexit2.o(.ARM.Collect$$rtexit$$00000002)
    __rt_exit_exit                           0x080001f5   Thumb Code     0  rtexit2.o(.ARM.Collect$$rtexit$$00000004)
    rand                                     0x080001fd   Thumb Code    48  rand.o(.emb_text)
    Reset_Handler                            0x08000231   Thumb Code     8  startup_stm32f103xe.o(.text)
    ADC1_2_IRQHandler                        0x0800024b   Thumb Code     0  startup_stm32f103xe.o(.text)
    ADC3_IRQHandler                          0x0800024b   Thumb Code     0  startup_stm32f103xe.o(.text)
    CAN1_RX1_IRQHandler                      0x0800024b   Thumb Code     0  startup_stm32f103xe.o(.text)
    CAN1_SCE_IRQHandler                      0x0800024b   Thumb Code     0  startup_stm32f103xe.o(.text)
    DMA1_Channel1_IRQHandler                 0x0800024b   Thumb Code     0  startup_stm32f103xe.o(.text)
    DMA1_Channel2_IRQHandler                 0x0800024b   Thumb Code     0  startup_stm32f103xe.o(.text)
    DMA1_Channel3_IRQHandler                 0x0800024b   Thumb Code     0  startup_stm32f103xe.o(.text)
    DMA1_Channel4_IRQHandler                 0x0800024b   Thumb Code     0  startup_stm32f103xe.o(.text)
    DMA1_Channel5_IRQHandler                 0x0800024b   Thumb Code     0  startup_stm32f103xe.o(.text)
    DMA1_Channel6_IRQHandler                 0x0800024b   Thumb Code     0  startup_stm32f103xe.o(.text)
    DMA1_Channel7_IRQHandler                 0x0800024b   Thumb Code     0  startup_stm32f103xe.o(.text)
    DMA2_Channel1_IRQHandler                 0x0800024b   Thumb Code     0  startup_stm32f103xe.o(.text)
    DMA2_Channel2_IRQHandler                 0x0800024b   Thumb Code     0  startup_stm32f103xe.o(.text)
    DMA2_Channel3_IRQHandler                 0x0800024b   Thumb Code     0  startup_stm32f103xe.o(.text)
    DMA2_Channel4_5_IRQHandler               0x0800024b   Thumb Code     0  startup_stm32f103xe.o(.text)
    EXTI1_IRQHandler                         0x0800024b   Thumb Code     0  startup_stm32f103xe.o(.text)
    EXTI2_IRQHandler                         0x0800024b   Thumb Code     0  startup_stm32f103xe.o(.text)
    EXTI3_IRQHandler                         0x0800024b   Thumb Code     0  startup_stm32f103xe.o(.text)
    EXTI4_IRQHandler                         0x0800024b   Thumb Code     0  startup_stm32f103xe.o(.text)
    FLASH_IRQHandler                         0x0800024b   Thumb Code     0  startup_stm32f103xe.o(.text)
    FSMC_IRQHandler                          0x0800024b   Thumb Code     0  startup_stm32f103xe.o(.text)
    I2C1_ER_IRQHandler                       0x0800024b   Thumb Code     0  startup_stm32f103xe.o(.text)
    I2C1_EV_IRQHandler                       0x0800024b   Thumb Code     0  startup_stm32f103xe.o(.text)
    I2C2_ER_IRQHandler                       0x0800024b   Thumb Code     0  startup_stm32f103xe.o(.text)
    I2C2_EV_IRQHandler                       0x0800024b   Thumb Code     0  startup_stm32f103xe.o(.text)
    PVD_IRQHandler                           0x0800024b   Thumb Code     0  startup_stm32f103xe.o(.text)
    RCC_IRQHandler                           0x0800024b   Thumb Code     0  startup_stm32f103xe.o(.text)
    RTC_Alarm_IRQHandler                     0x0800024b   Thumb Code     0  startup_stm32f103xe.o(.text)
    RTC_IRQHandler                           0x0800024b   Thumb Code     0  startup_stm32f103xe.o(.text)
    SDIO_IRQHandler                          0x0800024b   Thumb Code     0  startup_stm32f103xe.o(.text)
    SPI1_IRQHandler                          0x0800024b   Thumb Code     0  startup_stm32f103xe.o(.text)
    SPI2_IRQHandler                          0x0800024b   Thumb Code     0  startup_stm32f103xe.o(.text)
    SPI3_IRQHandler                          0x0800024b   Thumb Code     0  startup_stm32f103xe.o(.text)
    TAMPER_IRQHandler                        0x0800024b   Thumb Code     0  startup_stm32f103xe.o(.text)
    TIM1_BRK_IRQHandler                      0x0800024b   Thumb Code     0  startup_stm32f103xe.o(.text)
    TIM1_CC_IRQHandler                       0x0800024b   Thumb Code     0  startup_stm32f103xe.o(.text)
    TIM1_TRG_COM_IRQHandler                  0x0800024b   Thumb Code     0  startup_stm32f103xe.o(.text)
    TIM1_UP_IRQHandler                       0x0800024b   Thumb Code     0  startup_stm32f103xe.o(.text)
    TIM2_IRQHandler                          0x0800024b   Thumb Code     0  startup_stm32f103xe.o(.text)
    TIM4_IRQHandler                          0x0800024b   Thumb Code     0  startup_stm32f103xe.o(.text)
    TIM5_IRQHandler                          0x0800024b   Thumb Code     0  startup_stm32f103xe.o(.text)
    TIM6_IRQHandler                          0x0800024b   Thumb Code     0  startup_stm32f103xe.o(.text)
    TIM7_IRQHandler                          0x0800024b   Thumb Code     0  startup_stm32f103xe.o(.text)
    TIM8_BRK_IRQHandler                      0x0800024b   Thumb Code     0  startup_stm32f103xe.o(.text)
    TIM8_CC_IRQHandler                       0x0800024b   Thumb Code     0  startup_stm32f103xe.o(.text)
    TIM8_TRG_COM_IRQHandler                  0x0800024b   Thumb Code     0  startup_stm32f103xe.o(.text)
    TIM8_UP_IRQHandler                       0x0800024b   Thumb Code     0  startup_stm32f103xe.o(.text)
    UART4_IRQHandler                         0x0800024b   Thumb Code     0  startup_stm32f103xe.o(.text)
    UART5_IRQHandler                         0x0800024b   Thumb Code     0  startup_stm32f103xe.o(.text)
    USART2_IRQHandler                        0x0800024b   Thumb Code     0  startup_stm32f103xe.o(.text)
    USART3_IRQHandler                        0x0800024b   Thumb Code     0  startup_stm32f103xe.o(.text)
    USBWakeUp_IRQHandler                     0x0800024b   Thumb Code     0  startup_stm32f103xe.o(.text)
    USB_HP_CAN1_TX_IRQHandler                0x0800024b   Thumb Code     0  startup_stm32f103xe.o(.text)
    USB_LP_CAN1_RX0_IRQHandler               0x0800024b   Thumb Code     0  startup_stm32f103xe.o(.text)
    WWDG_IRQHandler                          0x0800024b   Thumb Code     0  startup_stm32f103xe.o(.text)
    __user_initial_stackheap                 0x0800024d   Thumb Code     0  startup_stm32f103xe.o(.text)
    __use_no_semihosting                     0x08000271   Thumb Code     2  use_no_semi_2.o(.text)
    __2printf                                0x08000275   Thumb Code    20  noretval__2printf.o(.text)
    __2sprintf                               0x0800028d   Thumb Code    34  noretval__2sprintf.o(.text)
    _printf_str                              0x080002b5   Thumb Code    82  _printf_str.o(.text)
    _printf_int_dec                          0x08000309   Thumb Code   104  _printf_dec.o(.text)
    _printf_int_hex                          0x08000381   Thumb Code    84  _printf_hex_int.o(.text)
    _printf_longlong_hex                     0x08000381   Thumb Code     0  _printf_hex_int.o(.text)
    __printf                                 0x080003d9   Thumb Code   308  __printf_flags_wp.o(.text)
    srand                                    0x08000511   Thumb Code    42  rand.o(.text)
    _rand_init                               0x0800053b   Thumb Code     4  rand.o(.text)
    __aeabi_memclr4                          0x0800054d   Thumb Code     0  rt_memclr_w.o(.text)
    __aeabi_memclr8                          0x0800054d   Thumb Code     0  rt_memclr_w.o(.text)
    __rt_memclr_w                            0x0800054d   Thumb Code    78  rt_memclr_w.o(.text)
    _memset_w                                0x08000551   Thumb Code     0  rt_memclr_w.o(.text)
    strcmp                                   0x0800059d   Thumb Code   128  strcmpv7m.o(.text)
    __use_two_region_memory                  0x0800061d   Thumb Code     2  heapauxi.o(.text)
    __rt_heap_escrow$2region                 0x0800061f   Thumb Code     2  heapauxi.o(.text)
    __rt_heap_expand$2region                 0x08000621   Thumb Code     2  heapauxi.o(.text)
    __semihosting$guard                      0x08000623   Thumb Code     0  use_no_semi.o(.text)
    __use_no_semihosting_swi                 0x08000623   Thumb Code     2  use_no_semi.o(.text)
    _printf_int_common                       0x08000625   Thumb Code   178  _printf_intcommon.o(.text)
    __lib_sel_fp_printf                      0x080006d7   Thumb Code     2  _printf_fp_dec.o(.text)
    _printf_fp_dec_real                      0x08000885   Thumb Code   620  _printf_fp_dec.o(.text)
    _printf_char_common                      0x08000afb   Thumb Code    32  _printf_char_common.o(.text)
    _sputc                                   0x08000b21   Thumb Code    10  _sputc.o(.text)
    _printf_cs_common                        0x08000b2b   Thumb Code    20  _printf_char.o(.text)
    _printf_char                             0x08000b3f   Thumb Code    16  _printf_char.o(.text)
    _printf_string                           0x08000b4f   Thumb Code     8  _printf_char.o(.text)
    _printf_char_file                        0x08000b59   Thumb Code    32  _printf_char_file.o(.text)
    __rt_locale                              0x08000b7d   Thumb Code     8  rt_locale_intlibspace.o(.text)
    _ll_udiv10                               0x08000b85   Thumb Code   138  lludiv10.o(.text)
    _printf_fp_infnan                        0x08000c11   Thumb Code   112  _printf_fp_infnan.o(.text)
    _btod_etento                             0x08000c91   Thumb Code   216  bigflt0.o(.text)
    ferror                                   0x08000d6d   Thumb Code     8  ferror.o(.text)
    __user_libspace                          0x08000d75   Thumb Code     8  libspace.o(.text)
    __user_perproc_libspace                  0x08000d75   Thumb Code     0  libspace.o(.text)
    __user_perthread_libspace                0x08000d75   Thumb Code     0  libspace.o(.text)
    __user_setup_stackheap                   0x08000d7d   Thumb Code    74  sys_stackheap_outer.o(.text)
    exit                                     0x08000dc7   Thumb Code    18  exit.o(.text)
    _btod_d2e                                0x08000dd9   Thumb Code    62  btod.o(CL$$btod_d2e)
    _d2e_denorm_low                          0x08000e17   Thumb Code    70  btod.o(CL$$btod_d2e_denorm_low)
    _d2e_norm_op1                            0x08000e5d   Thumb Code    96  btod.o(CL$$btod_d2e_norm_op1)
    __btod_div_common                        0x08000ebd   Thumb Code   696  btod.o(CL$$btod_div_common)
    _e2e                                     0x080011f5   Thumb Code   198  btod.o(CL$$btod_e2e)
    _btod_ediv                               0x080012bb   Thumb Code    40  btod.o(CL$$btod_ediv)
    _btod_emul                               0x080012e3   Thumb Code    40  btod.o(CL$$btod_emul)
    __btod_mult_common                       0x0800130b   Thumb Code   580  btod.o(CL$$btod_mult_common)
    BusFault_Handler                         0x0800154f   Thumb Code     4  stm32f1xx_it.o(i.BusFault_Handler)
    DebugMon_Handler                         0x08001553   Thumb Code     2  stm32f1xx_it.o(i.DebugMon_Handler)
    EXTI0_IRQHandler                         0x08001555   Thumb Code    16  exti.o(i.EXTI0_IRQHandler)
    EXTI15_10_IRQHandler                     0x08001569   Thumb Code    20  exti.o(i.EXTI15_10_IRQHandler)
    EXTI9_5_IRQHandler                       0x08001581   Thumb Code    16  exti.o(i.EXTI9_5_IRQHandler)
    HAL_DMA_Abort_IT                         0x08001595   Thumb Code   414  stm32f1xx_hal_dma.o(i.HAL_DMA_Abort_IT)
    HAL_GPIO_EXTI_Callback                   0x0800173d   Thumb Code   142  exti.o(i.HAL_GPIO_EXTI_Callback)
    HAL_GPIO_EXTI_IRQHandler                 0x080017e1   Thumb Code    24  stm32f1xx_hal_gpio.o(i.HAL_GPIO_EXTI_IRQHandler)
    HAL_GPIO_Init                            0x080017fd   Thumb Code   792  stm32f1xx_hal_gpio.o(i.HAL_GPIO_Init)
    HAL_GPIO_ReadPin                         0x08001b3d   Thumb Code    16  stm32f1xx_hal_gpio.o(i.HAL_GPIO_ReadPin)
    HAL_GPIO_TogglePin                       0x08001b4d   Thumb Code    20  stm32f1xx_hal_gpio.o(i.HAL_GPIO_TogglePin)
    HAL_GPIO_WritePin                        0x08001b61   Thumb Code    12  stm32f1xx_hal_gpio.o(i.HAL_GPIO_WritePin)
    HAL_GetTick                              0x08001b6d   Thumb Code     6  stm32f1xx_hal.o(i.HAL_GetTick)
    HAL_IncTick                              0x08001b79   Thumb Code    16  stm32f1xx_hal.o(i.HAL_IncTick)
    HAL_Init                                 0x08001b91   Thumb Code    34  stm32f1xx_hal.o(i.HAL_Init)
    HAL_InitTick                             0x08001bb9   Thumb Code    64  stm32f1xx_hal.o(i.HAL_InitTick)
    HAL_MspInit                              0x08001c05   Thumb Code     2  stm32f1xx_hal.o(i.HAL_MspInit)
    HAL_NVIC_DisableIRQ                      0x08001c09   Thumb Code    62  stm32f1xx_hal_cortex.o(i.HAL_NVIC_DisableIRQ)
    HAL_NVIC_EnableIRQ                       0x08001c4d   Thumb Code    32  stm32f1xx_hal_cortex.o(i.HAL_NVIC_EnableIRQ)
    HAL_NVIC_SetPriority                     0x08001c6d   Thumb Code   124  stm32f1xx_hal_cortex.o(i.HAL_NVIC_SetPriority)
    HAL_NVIC_SetPriorityGrouping             0x08001ce9   Thumb Code    32  stm32f1xx_hal_cortex.o(i.HAL_NVIC_SetPriorityGrouping)
    HAL_RCC_ClockConfig                      0x08001d11   Thumb Code   376  stm32f1xx_hal_rcc.o(i.HAL_RCC_ClockConfig)
    HAL_RCC_GetHCLKFreq                      0x08001e9d   Thumb Code     6  stm32f1xx_hal_rcc.o(i.HAL_RCC_GetHCLKFreq)
    HAL_RCC_GetPCLK1Freq                     0x08001ea9   Thumb Code    22  stm32f1xx_hal_rcc.o(i.HAL_RCC_GetPCLK1Freq)
    HAL_RCC_GetPCLK2Freq                     0x08001ec9   Thumb Code    22  stm32f1xx_hal_rcc.o(i.HAL_RCC_GetPCLK2Freq)
    HAL_RCC_GetSysClockFreq                  0x08001ee9   Thumb Code   116  stm32f1xx_hal_rcc.o(i.HAL_RCC_GetSysClockFreq)
    HAL_RCC_OscConfig                        0x08001f7d   Thumb Code  1114  stm32f1xx_hal_rcc.o(i.HAL_RCC_OscConfig)
    HAL_SYSTICK_Config                       0x080023e1   Thumb Code    52  stm32f1xx_hal_cortex.o(i.HAL_SYSTICK_Config)
    HAL_TIM_Base_Init                        0x08002415   Thumb Code   102  stm32f1xx_hal_tim.o(i.HAL_TIM_Base_Init)
    HAL_TIM_Base_MspInit                     0x0800247b   Thumb Code     2  stm32f1xx_hal_tim.o(i.HAL_TIM_Base_MspInit)
    HAL_TIM_Base_Start_IT                    0x0800247d   Thumb Code   122  stm32f1xx_hal_tim.o(i.HAL_TIM_Base_Start_IT)
    HAL_UART_ErrorCallback                   0x0800250d   Thumb Code     2  stm32f1xx_hal_uart.o(i.HAL_UART_ErrorCallback)
    HAL_UART_IRQHandler                      0x08002511   Thumb Code   334  stm32f1xx_hal_uart.o(i.HAL_UART_IRQHandler)
    HAL_UART_Init                            0x08002665   Thumb Code   114  stm32f1xx_hal_uart.o(i.HAL_UART_Init)
    HAL_UART_MspInit                         0x080026d9   Thumb Code   168  usart.o(i.HAL_UART_MspInit)
    HAL_UART_Receive_IT                      0x0800278d   Thumb Code   112  stm32f1xx_hal_uart.o(i.HAL_UART_Receive_IT)
    HAL_UART_RxCpltCallback                  0x080027fd   Thumb Code   134  usart.o(i.HAL_UART_RxCpltCallback)
    HAL_UART_TxCpltCallback                  0x08002899   Thumb Code     2  stm32f1xx_hal_uart.o(i.HAL_UART_TxCpltCallback)
    HardFault_Handler                        0x0800289b   Thumb Code     4  stm32f1xx_it.o(i.HardFault_Handler)
    MemManage_Handler                        0x0800289f   Thumb Code     4  stm32f1xx_it.o(i.MemManage_Handler)
    NMI_Handler                              0x080028a3   Thumb Code     2  stm32f1xx_it.o(i.NMI_Handler)
    PendSV_Handler                           0x080028a5   Thumb Code     2  stm32f1xx_it.o(i.PendSV_Handler)
    SVC_Handler                              0x080028d1   Thumb Code     2  stm32f1xx_it.o(i.SVC_Handler)
    Show_Graph                               0x080028d5   Thumb Code   178  lcd.o(i.Show_Graph)
    Show_Score                               0x08002991   Thumb Code   218  gtim.o(i.Show_Score)
    SysTick_Handler                          0x08002a8d   Thumb Code     8  stm32f1xx_it.o(i.SysTick_Handler)
    SystemInit                               0x08002a95   Thumb Code     2  system_stm32f1xx.o(i.SystemInit)
    TIM3_IRQHandler                          0x08002a99   Thumb Code   194  gtim.o(i.TIM3_IRQHandler)
    TIM_Base_SetConfig                       0x08002b6d   Thumb Code   134  stm32f1xx_hal_tim.o(i.TIM_Base_SetConfig)
    USART1_IRQHandler                        0x08002e59   Thumb Code    10  usart.o(i.USART1_IRQHandler)
    UsageFault_Handler                       0x08002e69   Thumb Code     4  stm32f1xx_it.o(i.UsageFault_Handler)
    __ARM_fpclassify                         0x08002e6d   Thumb Code    40  fpclassify.o(i.__ARM_fpclassify)
    _is_digit                                0x08002ecd   Thumb Code    14  __printf_wp.o(i._is_digit)
    _sys_exit                                0x08002edb   Thumb Code     4  usart.o(i._sys_exit)
    at24cxx_init                             0x08002edf   Thumb Code     8  24cxx.o(i.at24cxx_init)
    at24cxx_read                             0x08002ee7   Thumb Code    36  24cxx.o(i.at24cxx_read)
    at24cxx_read_one_byte                    0x08002f0b   Thumb Code    82  24cxx.o(i.at24cxx_read_one_byte)
    at24cxx_write                            0x08002f5d   Thumb Code    36  24cxx.o(i.at24cxx_write)
    at24cxx_write_one_byte                   0x08002f81   Thumb Code    74  24cxx.o(i.at24cxx_write_one_byte)
    check_collision                          0x08002fcb   Thumb Code    82  gtim.o(i.check_collision)
    check_food_collision                     0x0800301d   Thumb Code    28  gtim.o(i.check_food_collision)
    clear_snake                              0x08003039   Thumb Code    66  gtim.o(i.clear_snake)
    ct_iic_ack                               0x0800307d   Thumb Code    76  ctiic.o(i.ct_iic_ack)
    ct_iic_init                              0x080030d9   Thumb Code   110  ctiic.o(i.ct_iic_init)
    ct_iic_nack                              0x08003151   Thumb Code    58  ctiic.o(i.ct_iic_nack)
    ct_iic_read_byte                         0x08003191   Thumb Code    88  ctiic.o(i.ct_iic_read_byte)
    ct_iic_send_byte                         0x080031ed   Thumb Code   102  ctiic.o(i.ct_iic_send_byte)
    ct_iic_start                             0x08003259   Thumb Code    72  ctiic.o(i.ct_iic_start)
    ct_iic_stop                              0x080032a5   Thumb Code    58  ctiic.o(i.ct_iic_stop)
    ct_iic_wait_ack                          0x080032e5   Thumb Code   100  ctiic.o(i.ct_iic_wait_ack)
    death_animation                          0x0800334d   Thumb Code   234  gtim.o(i.death_animation)
    delay_init                               0x0800343d   Thumb Code     6  delay.o(i.delay_init)
    delay_ms                                 0x08003449   Thumb Code    18  delay.o(i.delay_ms)
    delay_us                                 0x0800345d   Thumb Code    68  delay.o(i.delay_us)
    draw_control_buttons                     0x080034a5   Thumb Code   188  gtim.o(i.draw_control_buttons)
    draw_food                                0x0800357d   Thumb Code    36  gtim.o(i.draw_food)
    draw_snake                               0x080035a1   Thumb Code    66  gtim.o(i.draw_snake)
    draw_user                                0x080035e5   Thumb Code   258  gtim.o(i.draw_user)
    extix_init                               0x08003705   Thumb Code   210  exti.o(i.extix_init)
    fputc                                    0x080037ed   Thumb Code    24  usart.o(i.fputc)
    ft5206_init                              0x08003809   Thumb Code   298  ft5206.o(i.ft5206_init)
    ft5206_rd_reg                            0x08003949   Thumb Code    88  ft5206.o(i.ft5206_rd_reg)
    ft5206_scan                              0x080039a1   Thumb Code   404  ft5206.o(i.ft5206_scan)
    ft5206_wr_reg                            0x08003b45   Thumb Code    82  ft5206.o(i.ft5206_wr_reg)
    game_explain                             0x08003b99   Thumb Code  1338  gtim.o(i.game_explain)
    game_loop                                0x080040ed   Thumb Code    38  gtim.o(i.game_loop)
    game_over                                0x08004119   Thumb Code    92  gtim.o(i.game_over)
    grow_snake                               0x08004189   Thumb Code    56  gtim.o(i.grow_snake)
    gt9xxx_init                              0x080041c1   Thumb Code   322  gt9xxx.o(i.gt9xxx_init)
    gt9xxx_rd_reg                            0x08004339   Thumb Code    98  gt9xxx.o(i.gt9xxx_rd_reg)
    gt9xxx_scan                              0x0800439d   Thumb Code   732  gt9xxx.o(i.gt9xxx_scan)
    gt9xxx_wr_reg                            0x0800468d   Thumb Code    92  gt9xxx.o(i.gt9xxx_wr_reg)
    gtim_timx_int_init                       0x080046e9   Thumb Code    82  gtim.o(i.gtim_timx_int_init)
    iic_ack                                  0x08004749   Thumb Code    80  myiic.o(i.iic_ack)
    iic_init                                 0x080047a9   Thumb Code   114  myiic.o(i.iic_init)
    iic_nack                                 0x08004825   Thumb Code    60  myiic.o(i.iic_nack)
    iic_read_byte                            0x08004865   Thumb Code    92  myiic.o(i.iic_read_byte)
    iic_send_byte                            0x080048c5   Thumb Code   106  myiic.o(i.iic_send_byte)
    iic_start                                0x08004935   Thumb Code    76  myiic.o(i.iic_start)
    iic_stop                                 0x08004985   Thumb Code    60  myiic.o(i.iic_stop)
    iic_wait_ack                             0x080049c5   Thumb Code   100  myiic.o(i.iic_wait_ack)
    init_food                                0x08004a2d   Thumb Code   112  gtim.o(i.init_food)
    init_snake                               0x08004a9d   Thumb Code    50  gtim.o(i.init_snake)
    lcd_clear                                0x08004ad1   Thumb Code   114  lcd.o(i.lcd_clear)
    lcd_display_dir                          0x08004b51   Thumb Code   360  lcd.o(i.lcd_display_dir)
    lcd_draw_circle                          0x08004cbd   Thumb Code   170  lcd.o(i.lcd_draw_circle)
    lcd_draw_line                            0x08004d67   Thumb Code   172  lcd.o(i.lcd_draw_line)
    lcd_draw_point                           0x08004e15   Thumb Code    92  lcd.o(i.lcd_draw_point)
    lcd_draw_rectangle                       0x08004e7d   Thumb Code    74  lcd.o(i.lcd_draw_rectangle)
    lcd_ex_ili9341_reginit                   0x08004ec9   Thumb Code  1358  lcd.o(i.lcd_ex_ili9341_reginit)
    lcd_ex_ili9806_reginit                   0x08005421   Thumb Code  1706  lcd.o(i.lcd_ex_ili9806_reginit)
    lcd_ex_nt35310_reginit                   0x08005ad5   Thumb Code  5642  lcd.o(i.lcd_ex_nt35310_reginit)
    lcd_ex_nt35510_reginit                   0x080070e9   Thumb Code  3908  lcd.o(i.lcd_ex_nt35510_reginit)
    lcd_ex_ssd1963_reginit                   0x08008035   Thumb Code   866  lcd.o(i.lcd_ex_ssd1963_reginit)
    lcd_ex_st7789_reginit                    0x080083a1   Thumb Code  1046  lcd.o(i.lcd_ex_st7789_reginit)
    lcd_ex_st7796_reginit                    0x080087b9   Thumb Code  1182  lcd.o(i.lcd_ex_st7796_reginit)
    lcd_fill                                 0x08008c61   Thumb Code   150  lcd.o(i.lcd_fill)
    lcd_init                                 0x08008d05   Thumb Code  1432  lcd.o(i.lcd_init)
    lcd_scan_dir                             0x08009349   Thumb Code  1306  lcd.o(i.lcd_scan_dir)
    lcd_set_cursor                           0x08009871   Thumb Code  1094  lcd.o(i.lcd_set_cursor)
    lcd_show_char                            0x08009cc1   Thumb Code   294  lcd.o(i.lcd_show_char)
    lcd_show_num                             0x08009e01   Thumb Code   152  lcd.o(i.lcd_show_num)
    lcd_show_string                          0x08009e99   Thumb Code   106  lcd.o(i.lcd_show_string)
    lcd_ssd_backlight_set                    0x08009f05   Thumb Code   252  lcd.o(i.lcd_ssd_backlight_set)
    lcd_wr_xdata                             0x0800a00d   Thumb Code    32  lcd.o(i.lcd_wr_xdata)
    lcd_write_reg                            0x0800a035   Thumb Code    70  lcd.o(i.lcd_write_reg)
    led_init                                 0x0800a085   Thumb Code   132  led.o(i.led_init)
    main                                     0x0800a115   Thumb Code   222  main.o(i.main)
    move_snake                               0x0800a221   Thumb Code   130  gtim.o(i.move_snake)
    process_touch_input                      0x0800a2a5   Thumb Code   194  gtim.o(i.process_touch_input)
    show_picture                             0x0800a36d   Thumb Code    66  lcd.o(i.show_picture)
    sys_stm32_clock_init                     0x0800a3af   Thumb Code   102  sys.o(i.sys_stm32_clock_init)
    tp_adjust                                0x0800a415   Thumb Code   960  touch.o(i.tp_adjust)
    tp_get_adjust_data                       0x0800a9c5   Thumb Code    36  touch.o(i.tp_get_adjust_data)
    tp_init                                  0x0800a9ed   Thumb Code   532  touch.o(i.tp_init)
    tp_save_adjust_data                      0x0800ae59   Thumb Code    24  touch.o(i.tp_save_adjust_data)
    tp_scan                                  0x0800ae75   Thumb Code   290  touch.o(i.tp_scan)
    usart_init                               0x0800b005   Thumb Code    44  usart.o(i.usart_init)
    _get_lc_numeric                          0x0800b03d   Thumb Code    44  lc_numeric_c.o(locale$$code)
    __fpl_dcmp_Inf                           0x0800b069   Thumb Code    24  dcmpi.o(x$fpl$dcmpinf)
    __aeabi_ddiv                             0x0800b081   Thumb Code     0  ddiv.o(x$fpl$ddiv)
    _ddiv                                    0x0800b081   Thumb Code   552  ddiv.o(x$fpl$ddiv)
    __aeabi_d2uiz                            0x0800b331   Thumb Code     0  dfixu.o(x$fpl$dfixu)
    _dfixu                                   0x0800b331   Thumb Code    90  dfixu.o(x$fpl$dfixu)
    __aeabi_i2d                              0x0800b38b   Thumb Code     0  dflt_clz.o(x$fpl$dflt)
    _dflt                                    0x0800b38b   Thumb Code    46  dflt_clz.o(x$fpl$dflt)
    __aeabi_ui2d                             0x0800b3b9   Thumb Code     0  dflt_clz.o(x$fpl$dfltu)
    _dfltu                                   0x0800b3b9   Thumb Code    38  dflt_clz.o(x$fpl$dfltu)
    __aeabi_cdcmple                          0x0800b3e1   Thumb Code     0  dleqf.o(x$fpl$dleqf)
    _dcmple                                  0x0800b3e1   Thumb Code   120  dleqf.o(x$fpl$dleqf)
    __fpl_dcmple_InfNaN                      0x0800b443   Thumb Code     0  dleqf.o(x$fpl$dleqf)
    __aeabi_dmul                             0x0800b459   Thumb Code     0  dmul.o(x$fpl$dmul)
    _dmul                                    0x0800b459   Thumb Code   332  dmul.o(x$fpl$dmul)
    __fpl_dnaninf                            0x0800b5ad   Thumb Code   156  dnaninf.o(x$fpl$dnaninf)
    __fpl_dretinf                            0x0800b649   Thumb Code    12  dretinf.o(x$fpl$dretinf)
    __aeabi_cdrcmple                         0x0800b655   Thumb Code     0  drleqf.o(x$fpl$drleqf)
    _drcmple                                 0x0800b655   Thumb Code   108  drleqf.o(x$fpl$drleqf)
    __aeabi_fadd                             0x0800b6c1   Thumb Code     0  faddsub_clz.o(x$fpl$fadd)
    _fadd                                    0x0800b6c1   Thumb Code   196  faddsub_clz.o(x$fpl$fadd)
    __aeabi_fdiv                             0x0800b785   Thumb Code     0  fdiv.o(x$fpl$fdiv)
    _fdiv                                    0x0800b785   Thumb Code   384  fdiv.o(x$fpl$fdiv)
    __aeabi_f2uiz                            0x0800b909   Thumb Code     0  ffixu.o(x$fpl$ffixu)
    _ffixu                                   0x0800b909   Thumb Code    62  ffixu.o(x$fpl$ffixu)
    __aeabi_i2f                              0x0800b949   Thumb Code     0  fflt_clz.o(x$fpl$fflt)
    _fflt                                    0x0800b949   Thumb Code    48  fflt_clz.o(x$fpl$fflt)
    __fpl_fnaninf                            0x0800b979   Thumb Code   140  fnaninf.o(x$fpl$fnaninf)
    __fpl_fretinf                            0x0800ba05   Thumb Code    10  fretinf.o(x$fpl$fretinf)
    __aeabi_fsub                             0x0800ba11   Thumb Code     0  faddsub_clz.o(x$fpl$fsub)
    _fsub                                    0x0800ba11   Thumb Code   234  faddsub_clz.o(x$fpl$fsub)
    _printf_fp_dec                           0x0800bafb   Thumb Code     4  printf1.o(x$fpl$printf1)
    AHBPrescTable                            0x0800bafe   Data          16  system_stm32f1xx.o(.constdata)
    __I$use$fp                               0x0800bafe   Number         0  usenofp.o(x$fpl$usenofp)
    APBPrescTable                            0x0800bb0e   Data           8  system_stm32f1xx.o(.constdata)
    gImage_1                                 0x0800bb16   Data       93640  array_chinese.o(.constdata)
    lin                                      0x080228de   Data          32  array_chinese.o(.constdata)
    hao                                      0x080228fe   Data          32  array_chinese.o(.constdata)
    ran                                      0x0802291e   Data          32  array_chinese.o(.constdata)
    zhu                                      0x0802293e   Data          32  array_chinese.o(.constdata)
    yuan                                     0x0802295e   Data          32  array_chinese.o(.constdata)
    bo                                       0x0802297e   Data          32  array_chinese.o(.constdata)
    xv                                       0x0802299e   Data          32  array_chinese.o(.constdata)
    kai                                      0x080229be   Data          32  array_chinese.o(.constdata)
    de                                       0x080229de   Data          32  array_chinese.o(.constdata)
    fen                                      0x080229fe   Data          32  array_chinese.o(.constdata)
    tan_1                                    0x08022a1e   Data          32  array_chinese.o(.constdata)
    chi                                      0x08022a3e   Data          32  array_chinese.o(.constdata)
    she                                      0x08022a5e   Data          32  array_chinese.o(.constdata)
    you                                      0x08022a7e   Data          32  array_chinese.o(.constdata)
    xi                                       0x08022a9e   Data          32  array_chinese.o(.constdata)
    jie                                      0x08022abe   Data          32  array_chinese.o(.constdata)
    shao                                     0x08022ade   Data          32  array_chinese.o(.constdata)
    kong                                     0x08022afe   Data          32  array_chinese.o(.constdata)
    zhi                                      0x08022b1e   Data          32  array_chinese.o(.constdata)
    hong                                     0x08022b3e   Data          32  array_chinese.o(.constdata)
    de_1                                     0x08022b5e   Data          32  array_chinese.o(.constdata)
    shi                                      0x08022b7e   Data          32  array_chinese.o(.constdata)
    yong                                     0x08022b9e   Data          32  array_chinese.o(.constdata)
    ping                                     0x08022bbe   Data          32  array_chinese.o(.constdata)
    mu                                       0x08022bde   Data          32  array_chinese.o(.constdata)
    xia                                      0x08022bfe   Data          32  array_chinese.o(.constdata)
    fang                                     0x08022c1e   Data          32  array_chinese.o(.constdata)
    xiang                                    0x08022c3e   Data          32  array_chinese.o(.constdata)
    jian                                     0x08022c5e   Data          32  array_chinese.o(.constdata)
    jin                                      0x08022c7e   Data          32  array_chinese.o(.constdata)
    xing                                     0x08022c9e   Data          32  array_chinese.o(.constdata)
    yi                                       0x08022cbe   Data          32  array_chinese.o(.constdata)
    dong                                     0x08022cde   Data          32  array_chinese.o(.constdata)
    jin_1                                    0x08022cfe   Data          32  array_chinese.o(.constdata)
    ke                                       0x08022d1e   Data          32  array_chinese.o(.constdata)
    neng                                     0x08022d3e   Data          32  array_chinese.o(.constdata)
    diao                                     0x08022d5e   Data          32  array_chinese.o(.constdata)
    geng                                     0x08022d7e   Data          32  array_chinese.o(.constdata)
    duo                                      0x08022d9e   Data          32  array_chinese.o(.constdata)
    lv                                       0x08022dbe   Data          32  array_chinese.o(.constdata)
    se                                       0x08022dde   Data          32  array_chinese.o(.constdata)
    shi_1                                    0x08022dfe   Data          32  array_chinese.o(.constdata)
    wu                                       0x08022e1e   Data          32  array_chinese.o(.constdata)
    mei                                      0x08022e3e   Data          32  array_chinese.o(.constdata)
    yi_1                                     0x08022e5e   Data          32  array_chinese.o(.constdata)
    ge                                       0x08022e7e   Data          32  array_chinese.o(.constdata)
    su                                       0x08022e9e   Data          32  array_chinese.o(.constdata)
    du                                       0x08022ebe   Data          32  array_chinese.o(.constdata)
    jiang                                    0x08022ede   Data          32  array_chinese.o(.constdata)
    ti                                       0x08022efe   Data          32  array_chinese.o(.constdata)
    sheng                                    0x08022f1e   Data          32  array_chinese.o(.constdata)
    peng                                     0x08022f3e   Data          32  array_chinese.o(.constdata)
    dao                                      0x08022f5e   Data          32  array_chinese.o(.constdata)
    qiang                                    0x08022f7e   Data          32  array_chinese.o(.constdata)
    bi                                       0x08022f9e   Data          32  array_chinese.o(.constdata)
    huo                                      0x08022fbe   Data          32  array_chinese.o(.constdata)
    zi                                       0x08022fde   Data          32  array_chinese.o(.constdata)
    shen                                     0x08022ffe   Data          32  array_chinese.o(.constdata)
    hui                                      0x0802301e   Data          32  array_chinese.o(.constdata)
    jie_1                                    0x0802303e   Data          32  array_chinese.o(.constdata)
    shu                                      0x0802305e   Data          32  array_chinese.o(.constdata)
    an                                       0x0802307e   Data          32  array_chinese.o(.constdata)
    yi_2                                     0x0802309e   Data          32  array_chinese.o(.constdata)
    kai_1                                    0x080230be   Data          32  array_chinese.o(.constdata)
    shi_2                                    0x080230de   Data          32  array_chinese.o(.constdata)
    tan_2                                    0x080230fe   Data          72  array_chinese.o(.constdata)
    chi_2                                    0x08023146   Data          72  array_chinese.o(.constdata)
    she_2                                    0x0802318e   Data          72  array_chinese.o(.constdata)
    bu                                       0x080231d6   Data          32  array_chinese.o(.constdata)
    chong                                    0x080231f6   Data          32  array_chinese.o(.constdata)
    wan                                      0x08023216   Data          32  array_chinese.o(.constdata)
    asc2_1206                                0x08023244   Data        1140  lcd.o(.constdata)
    asc2_1608                                0x080236b8   Data        1520  lcd.o(.constdata)
    asc2_2412                                0x08023ca8   Data        3420  lcd.o(.constdata)
    asc2_3216                                0x08024a04   Data        6080  lcd.o(.constdata)
    FT5206_TPX_TBL                           0x080261c4   Data          10  ft5206.o(.constdata)
    GT9XXX_TPX_TBL                           0x080261ce   Data          20  gt9xxx.o(.constdata)
    TP_REMIND_MSG_TBL                        0x080261e4   Data           4  touch.o(.constdata)
    Region$$Table$$Base                      0x08026334   Number         0  anon$$obj.o(Region$$Table)
    Region$$Table$$Limit                     0x08026354   Number         0  anon$$obj.o(Region$$Table)
    SystemCoreClock                          0x20000000   Data           4  system_stm32f1xx.o(.data)
    __stdout                                 0x20000008   Data           4  usart.o(.data)
    g_usart_rx_sta                           0x2000000c   Data           2  usart.o(.data)
    g_rx_buffer                              0x2000000e   Data           1  usart.o(.data)
    uwTick                                   0x20000010   Data           4  stm32f1xx_hal.o(.data)
    uwTickPrio                               0x20000014   Data           4  stm32f1xx_hal.o(.data)
    uwTickFreq                               0x20000018   Data           1  stm32f1xx_hal.o(.data)
    food                                     0x2000001c   Data           8  gtim.o(.data)
    game                                     0x20000024   Data           8  gtim.o(.data)
    g_point_color                            0x2000002c   Data           4  lcd.o(.data)
    g_back_color                             0x20000030   Data           4  lcd.o(.data)
    g_gt_tnum                                0x20000035   Data           1  gt9xxx.o(.data)
    tp_dev                                   0x20000038   Data          72  touch.o(.data)
    g_usart_rx_buf                           0x20000080   Data         200  usart.o(.bss)
    g_uart1_handle                           0x20000148   Data          64  usart.o(.bss)
    snake                                    0x20000188   Data         808  gtim.o(.bss)
    g_timx_handle                            0x200004b0   Data          72  gtim.o(.bss)
    lcddev                                   0x200004f8   Data          14  lcd.o(.bss)
    _random_number_data                      0x20000508   Data         228  rand.o(.bss)
    __libspace_start                         0x200005ec   Data          96  libspace.o(.bss)
    __temporary_stack_top$libspace           0x2000064c   Data           0  libspace.o(.bss)



==============================================================================

Memory Map of the image

  Image Entry point : 0x08000131

  Load Region LR_IROM1 (Base: 0x08000000, Size: 0x000263f0, Max: 0x00040000, ABSOLUTE)

    Execution Region ER_IROM1 (Base: 0x08000000, Size: 0x00026370, Max: 0x00040000, ABSOLUTE)

    Base Addr    Size         Type   Attr      Idx    E Section Name        Object

    0x08000000   0x00000130   Data   RO            3    RESET               startup_stm32f103xe.o
    0x08000130   0x00000008   Code   RO         3926  * !!!main             c_w.l(__main.o)
    0x08000138   0x00000034   Code   RO         4189    !!!scatter          c_w.l(__scatter.o)
    0x0800016c   0x0000001a   Code   RO         4191    !!handler_copy      c_w.l(__scatter_copy.o)
    0x08000186   0x00000002   PAD
    0x08000188   0x0000001c   Code   RO         4193    !!handler_zi        c_w.l(__scatter_zi.o)
    0x080001a4   0x00000000   Code   RO         3914    .ARM.Collect$$_printf_percent$$00000000  c_w.l(_printf_percent.o)
    0x080001a4   0x00000006   Code   RO         3913    .ARM.Collect$$_printf_percent$$00000003  c_w.l(_printf_f.o)
    0x080001aa   0x00000006   Code   RO         3912    .ARM.Collect$$_printf_percent$$00000009  c_w.l(_printf_d.o)
    0x080001b0   0x00000006   Code   RO         3911    .ARM.Collect$$_printf_percent$$0000000C  c_w.l(_printf_x.o)
    0x080001b6   0x00000006   Code   RO         3910    .ARM.Collect$$_printf_percent$$00000014  c_w.l(_printf_s.o)
    0x080001bc   0x00000004   Code   RO         3985    .ARM.Collect$$_printf_percent$$00000017  c_w.l(_printf_percent_end.o)
    0x080001c0   0x00000002   Code   RO         4124    .ARM.Collect$$libinit$$00000000  c_w.l(libinit.o)
    0x080001c2   0x00000000   Code   RO         3987    .ARM.Collect$$libinit$$00000002  c_w.l(libinit2.o)
    0x080001c2   0x00000000   Code   RO         3989    .ARM.Collect$$libinit$$00000004  c_w.l(libinit2.o)
    0x080001c2   0x00000000   Code   RO         3992    .ARM.Collect$$libinit$$0000000A  c_w.l(libinit2.o)
    0x080001c2   0x00000000   Code   RO         3994    .ARM.Collect$$libinit$$0000000C  c_w.l(libinit2.o)
    0x080001c2   0x00000004   Code   RO         3995    .ARM.Collect$$libinit$$0000000D  c_w.l(libinit2.o)
    0x080001c6   0x00000000   Code   RO         3996    .ARM.Collect$$libinit$$0000000E  c_w.l(libinit2.o)
    0x080001c6   0x00000006   Code   RO         3997    .ARM.Collect$$libinit$$0000000F  c_w.l(libinit2.o)
    0x080001cc   0x00000000   Code   RO         3999    .ARM.Collect$$libinit$$00000011  c_w.l(libinit2.o)
    0x080001cc   0x00000000   Code   RO         4001    .ARM.Collect$$libinit$$00000013  c_w.l(libinit2.o)
    0x080001cc   0x00000000   Code   RO         4003    .ARM.Collect$$libinit$$00000015  c_w.l(libinit2.o)
    0x080001cc   0x0000000a   Code   RO         4004    .ARM.Collect$$libinit$$00000016  c_w.l(libinit2.o)
    0x080001d6   0x00000000   Code   RO         4005    .ARM.Collect$$libinit$$00000017  c_w.l(libinit2.o)
    0x080001d6   0x00000000   Code   RO         4007    .ARM.Collect$$libinit$$00000019  c_w.l(libinit2.o)
    0x080001d6   0x00000000   Code   RO         4009    .ARM.Collect$$libinit$$0000001B  c_w.l(libinit2.o)
    0x080001d6   0x00000000   Code   RO         4011    .ARM.Collect$$libinit$$0000001D  c_w.l(libinit2.o)
    0x080001d6   0x00000000   Code   RO         4013    .ARM.Collect$$libinit$$0000001F  c_w.l(libinit2.o)
    0x080001d6   0x00000000   Code   RO         4015    .ARM.Collect$$libinit$$00000021  c_w.l(libinit2.o)
    0x080001d6   0x00000000   Code   RO         4017    .ARM.Collect$$libinit$$00000023  c_w.l(libinit2.o)
    0x080001d6   0x00000000   Code   RO         4019    .ARM.Collect$$libinit$$00000025  c_w.l(libinit2.o)
    0x080001d6   0x00000000   Code   RO         4023    .ARM.Collect$$libinit$$0000002C  c_w.l(libinit2.o)
    0x080001d6   0x00000000   Code   RO         4025    .ARM.Collect$$libinit$$0000002E  c_w.l(libinit2.o)
    0x080001d6   0x00000000   Code   RO         4027    .ARM.Collect$$libinit$$00000030  c_w.l(libinit2.o)
    0x080001d6   0x00000000   Code   RO         4029    .ARM.Collect$$libinit$$00000032  c_w.l(libinit2.o)
    0x080001d6   0x00000002   Code   RO         4030    .ARM.Collect$$libinit$$00000033  c_w.l(libinit2.o)
    0x080001d8   0x00000002   Code   RO         4152    .ARM.Collect$$libshutdown$$00000000  c_w.l(libshutdown.o)
    0x080001da   0x00000000   Code   RO         4156    .ARM.Collect$$libshutdown$$00000002  c_w.l(libshutdown2.o)
    0x080001da   0x00000000   Code   RO         4158    .ARM.Collect$$libshutdown$$00000004  c_w.l(libshutdown2.o)
    0x080001da   0x00000000   Code   RO         4161    .ARM.Collect$$libshutdown$$00000007  c_w.l(libshutdown2.o)
    0x080001da   0x00000000   Code   RO         4164    .ARM.Collect$$libshutdown$$0000000A  c_w.l(libshutdown2.o)
    0x080001da   0x00000000   Code   RO         4166    .ARM.Collect$$libshutdown$$0000000C  c_w.l(libshutdown2.o)
    0x080001da   0x00000000   Code   RO         4169    .ARM.Collect$$libshutdown$$0000000F  c_w.l(libshutdown2.o)
    0x080001da   0x00000002   Code   RO         4170    .ARM.Collect$$libshutdown$$00000010  c_w.l(libshutdown2.o)
    0x080001dc   0x00000000   Code   RO         3972    .ARM.Collect$$rtentry$$00000000  c_w.l(__rtentry.o)
    0x080001dc   0x00000000   Code   RO         4043    .ARM.Collect$$rtentry$$00000002  c_w.l(__rtentry2.o)
    0x080001dc   0x00000006   Code   RO         4055    .ARM.Collect$$rtentry$$00000004  c_w.l(__rtentry4.o)
    0x080001e2   0x00000000   Code   RO         4045    .ARM.Collect$$rtentry$$00000009  c_w.l(__rtentry2.o)
    0x080001e2   0x00000004   Code   RO         4046    .ARM.Collect$$rtentry$$0000000A  c_w.l(__rtentry2.o)
    0x080001e6   0x00000000   Code   RO         4048    .ARM.Collect$$rtentry$$0000000C  c_w.l(__rtentry2.o)
    0x080001e6   0x00000008   Code   RO         4049    .ARM.Collect$$rtentry$$0000000D  c_w.l(__rtentry2.o)
    0x080001ee   0x00000002   Code   RO         4125    .ARM.Collect$$rtexit$$00000000  c_w.l(rtexit.o)
    0x080001f0   0x00000000   Code   RO         4134    .ARM.Collect$$rtexit$$00000002  c_w.l(rtexit2.o)
    0x080001f0   0x00000004   Code   RO         4135    .ARM.Collect$$rtexit$$00000003  c_w.l(rtexit2.o)
    0x080001f4   0x00000006   Code   RO         4136    .ARM.Collect$$rtexit$$00000004  c_w.l(rtexit2.o)
    0x080001fa   0x00000002   PAD
    0x080001fc   0x00000034   Code   RO         3915    .emb_text           c_w.l(rand.o)
    0x08000230   0x00000040   Code   RO            4    .text               startup_stm32f103xe.o
    0x08000270   0x00000002   Code   RO         3853    .text               c_w.l(use_no_semi_2.o)
    0x08000272   0x00000002   PAD
    0x08000274   0x00000018   Code   RO         3859    .text               c_w.l(noretval__2printf.o)
    0x0800028c   0x00000028   Code   RO         3861    .text               c_w.l(noretval__2sprintf.o)
    0x080002b4   0x00000052   Code   RO         3865    .text               c_w.l(_printf_str.o)
    0x08000306   0x00000002   PAD
    0x08000308   0x00000078   Code   RO         3867    .text               c_w.l(_printf_dec.o)
    0x08000380   0x00000058   Code   RO         3872    .text               c_w.l(_printf_hex_int.o)
    0x080003d8   0x00000138   Code   RO         3902    .text               c_w.l(__printf_flags_wp.o)
    0x08000510   0x0000003c   Code   RO         3916    .text               c_w.l(rand.o)
    0x0800054c   0x0000004e   Code   RO         3920    .text               c_w.l(rt_memclr_w.o)
    0x0800059a   0x00000002   PAD
    0x0800059c   0x00000080   Code   RO         3922    .text               c_w.l(strcmpv7m.o)
    0x0800061c   0x00000006   Code   RO         3924    .text               c_w.l(heapauxi.o)
    0x08000622   0x00000002   Code   RO         3970    .text               c_w.l(use_no_semi.o)
    0x08000624   0x000000b2   Code   RO         3973    .text               c_w.l(_printf_intcommon.o)
    0x080006d6   0x0000041a   Code   RO         3975    .text               c_w.l(_printf_fp_dec.o)
    0x08000af0   0x00000030   Code   RO         3977    .text               c_w.l(_printf_char_common.o)
    0x08000b20   0x0000000a   Code   RO         3979    .text               c_w.l(_sputc.o)
    0x08000b2a   0x0000002c   Code   RO         3981    .text               c_w.l(_printf_char.o)
    0x08000b56   0x00000002   PAD
    0x08000b58   0x00000024   Code   RO         3983    .text               c_w.l(_printf_char_file.o)
    0x08000b7c   0x00000008   Code   RO         4060    .text               c_w.l(rt_locale_intlibspace.o)
    0x08000b84   0x0000008a   Code   RO         4062    .text               c_w.l(lludiv10.o)
    0x08000c0e   0x00000002   PAD
    0x08000c10   0x00000080   Code   RO         4064    .text               c_w.l(_printf_fp_infnan.o)
    0x08000c90   0x000000dc   Code   RO         4068    .text               c_w.l(bigflt0.o)
    0x08000d6c   0x00000008   Code   RO         4093    .text               c_w.l(ferror.o)
    0x08000d74   0x00000008   Code   RO         4108    .text               c_w.l(libspace.o)
    0x08000d7c   0x0000004a   Code   RO         4111    .text               c_w.l(sys_stackheap_outer.o)
    0x08000dc6   0x00000012   Code   RO         4113    .text               c_w.l(exit.o)
    0x08000dd8   0x0000003e   Code   RO         4071    CL$$btod_d2e        c_w.l(btod.o)
    0x08000e16   0x00000046   Code   RO         4073    CL$$btod_d2e_denorm_low  c_w.l(btod.o)
    0x08000e5c   0x00000060   Code   RO         4072    CL$$btod_d2e_norm_op1  c_w.l(btod.o)
    0x08000ebc   0x00000338   Code   RO         4081    CL$$btod_div_common  c_w.l(btod.o)
    0x080011f4   0x000000c6   Code   RO         4078    CL$$btod_e2e        c_w.l(btod.o)
    0x080012ba   0x00000028   Code   RO         4075    CL$$btod_ediv       c_w.l(btod.o)
    0x080012e2   0x00000028   Code   RO         4074    CL$$btod_emul       c_w.l(btod.o)
    0x0800130a   0x00000244   Code   RO         4080    CL$$btod_mult_common  c_w.l(btod.o)
    0x0800154e   0x00000004   Code   RO          294    i.BusFault_Handler  stm32f1xx_it.o
    0x08001552   0x00000002   Code   RO          295    i.DebugMon_Handler  stm32f1xx_it.o
    0x08001554   0x00000014   Code   RO         3806    i.EXTI0_IRQHandler  exti.o
    0x08001568   0x00000018   Code   RO         3807    i.EXTI15_10_IRQHandler  exti.o
    0x08001580   0x00000014   Code   RO         3808    i.EXTI9_5_IRQHandler  exti.o
    0x08001594   0x000001a8   Code   RO         1001    i.HAL_DMA_Abort_IT  stm32f1xx_hal_dma.o
    0x0800173c   0x000000a4   Code   RO         3809    i.HAL_GPIO_EXTI_Callback  exti.o
    0x080017e0   0x0000001c   Code   RO         1096    i.HAL_GPIO_EXTI_IRQHandler  stm32f1xx_hal_gpio.o
    0x080017fc   0x00000340   Code   RO         1097    i.HAL_GPIO_Init     stm32f1xx_hal_gpio.o
    0x08001b3c   0x00000010   Code   RO         1099    i.HAL_GPIO_ReadPin  stm32f1xx_hal_gpio.o
    0x08001b4c   0x00000014   Code   RO         1100    i.HAL_GPIO_TogglePin  stm32f1xx_hal_gpio.o
    0x08001b60   0x0000000c   Code   RO         1101    i.HAL_GPIO_WritePin  stm32f1xx_hal_gpio.o
    0x08001b6c   0x0000000c   Code   RO          714    i.HAL_GetTick       stm32f1xx_hal.o
    0x08001b78   0x00000018   Code   RO          720    i.HAL_IncTick       stm32f1xx_hal.o
    0x08001b90   0x00000028   Code   RO          721    i.HAL_Init          stm32f1xx_hal.o
    0x08001bb8   0x0000004c   Code   RO          722    i.HAL_InitTick      stm32f1xx_hal.o
    0x08001c04   0x00000002   Code   RO          724    i.HAL_MspInit       stm32f1xx_hal.o
    0x08001c06   0x00000002   PAD
    0x08001c08   0x00000044   Code   RO          878    i.HAL_NVIC_DisableIRQ  stm32f1xx_hal_cortex.o
    0x08001c4c   0x00000020   Code   RO          879    i.HAL_NVIC_EnableIRQ  stm32f1xx_hal_cortex.o
    0x08001c6c   0x0000007c   Code   RO          885    i.HAL_NVIC_SetPriority  stm32f1xx_hal_cortex.o
    0x08001ce8   0x00000028   Code   RO          886    i.HAL_NVIC_SetPriorityGrouping  stm32f1xx_hal_cortex.o
    0x08001d10   0x0000018c   Code   RO         1197    i.HAL_RCC_ClockConfig  stm32f1xx_hal_rcc.o
    0x08001e9c   0x0000000c   Code   RO         1202    i.HAL_RCC_GetHCLKFreq  stm32f1xx_hal_rcc.o
    0x08001ea8   0x00000020   Code   RO         1204    i.HAL_RCC_GetPCLK1Freq  stm32f1xx_hal_rcc.o
    0x08001ec8   0x00000020   Code   RO         1205    i.HAL_RCC_GetPCLK2Freq  stm32f1xx_hal_rcc.o
    0x08001ee8   0x00000094   Code   RO         1206    i.HAL_RCC_GetSysClockFreq  stm32f1xx_hal_rcc.o
    0x08001f7c   0x00000464   Code   RO         1209    i.HAL_RCC_OscConfig  stm32f1xx_hal_rcc.o
    0x080023e0   0x00000034   Code   RO          890    i.HAL_SYSTICK_Config  stm32f1xx_hal_cortex.o
    0x08002414   0x00000066   Code   RO         1938    i.HAL_TIM_Base_Init  stm32f1xx_hal_tim.o
    0x0800247a   0x00000002   Code   RO         1940    i.HAL_TIM_Base_MspInit  stm32f1xx_hal_tim.o
    0x0800247c   0x00000090   Code   RO         1943    i.HAL_TIM_Base_Start_IT  stm32f1xx_hal_tim.o
    0x0800250c   0x00000002   Code   RO         1360    i.HAL_UART_ErrorCallback  stm32f1xx_hal_uart.o
    0x0800250e   0x00000002   PAD
    0x08002510   0x00000154   Code   RO         1363    i.HAL_UART_IRQHandler  stm32f1xx_hal_uart.o
    0x08002664   0x00000072   Code   RO         1364    i.HAL_UART_Init     stm32f1xx_hal_uart.o
    0x080026d6   0x00000002   PAD
    0x080026d8   0x000000b4   Code   RO          626    i.HAL_UART_MspInit  usart.o
    0x0800278c   0x00000070   Code   RO         1369    i.HAL_UART_Receive_IT  stm32f1xx_hal_uart.o
    0x080027fc   0x0000009c   Code   RO          627    i.HAL_UART_RxCpltCallback  usart.o
    0x08002898   0x00000002   Code   RO         1375    i.HAL_UART_TxCpltCallback  stm32f1xx_hal_uart.o
    0x0800289a   0x00000004   Code   RO          296    i.HardFault_Handler  stm32f1xx_it.o
    0x0800289e   0x00000004   Code   RO          297    i.MemManage_Handler  stm32f1xx_it.o
    0x080028a2   0x00000002   Code   RO          298    i.NMI_Handler       stm32f1xx_it.o
    0x080028a4   0x00000002   Code   RO          299    i.PendSV_Handler    stm32f1xx_it.o
    0x080028a6   0x00000002   PAD
    0x080028a8   0x00000028   Code   RO         1210    i.RCC_Delay         stm32f1xx_hal_rcc.o
    0x080028d0   0x00000002   Code   RO          300    i.SVC_Handler       stm32f1xx_it.o
    0x080028d2   0x00000002   PAD
    0x080028d4   0x000000bc   Code   RO         3084    i.Show_Graph        lcd.o
    0x08002990   0x000000fc   Code   RO         2944    i.Show_Score        gtim.o
    0x08002a8c   0x00000008   Code   RO          301    i.SysTick_Handler   stm32f1xx_it.o
    0x08002a94   0x00000002   Code   RO          258    i.SystemInit        system_stm32f1xx.o
    0x08002a96   0x00000002   PAD
    0x08002a98   0x000000d4   Code   RO         2945    i.TIM3_IRQHandler   gtim.o
    0x08002b6c   0x0000009c   Code   RO         2031    i.TIM_Base_SetConfig  stm32f1xx_hal_tim.o
    0x08002c08   0x00000014   Code   RO         1377    i.UART_DMAAbortOnError  stm32f1xx_hal_uart.o
    0x08002c1c   0x00000020   Code   RO         1387    i.UART_EndRxTransfer  stm32f1xx_hal_uart.o
    0x08002c3c   0x00000020   Code   RO         1388    i.UART_EndTransmit_IT  stm32f1xx_hal_uart.o
    0x08002c5c   0x000000a0   Code   RO         1390    i.UART_Receive_IT   stm32f1xx_hal_uart.o
    0x08002cfc   0x000000fc   Code   RO         1391    i.UART_SetConfig    stm32f1xx_hal_uart.o
    0x08002df8   0x00000060   Code   RO         1392    i.UART_Transmit_IT  stm32f1xx_hal_uart.o
    0x08002e58   0x00000010   Code   RO          628    i.USART1_IRQHandler  usart.o
    0x08002e68   0x00000004   Code   RO          302    i.UsageFault_Handler  stm32f1xx_it.o
    0x08002e6c   0x00000028   Code   RO         4106    i.__ARM_fpclassify  m_ws.l(fpclassify.o)
    0x08002e94   0x00000010   Code   RO          892    i.__NVIC_GetPriorityGrouping  stm32f1xx_hal_cortex.o
    0x08002ea4   0x00000028   Code   RO          893    i.__NVIC_SetPriority  stm32f1xx_hal_cortex.o
    0x08002ecc   0x0000000e   Code   RO         3900    i._is_digit         c_w.l(__printf_wp.o)
    0x08002eda   0x00000004   Code   RO          630    i._sys_exit         usart.o
    0x08002ede   0x00000008   Code   RO         3645    i.at24cxx_init      24cxx.o
    0x08002ee6   0x00000024   Code   RO         3646    i.at24cxx_read      24cxx.o
    0x08002f0a   0x00000052   Code   RO         3647    i.at24cxx_read_one_byte  24cxx.o
    0x08002f5c   0x00000024   Code   RO         3648    i.at24cxx_write     24cxx.o
    0x08002f80   0x0000004a   Code   RO         3649    i.at24cxx_write_one_byte  24cxx.o
    0x08002fca   0x00000052   Code   RO         2946    i.check_collision   gtim.o
    0x0800301c   0x0000001c   Code   RO         2947    i.check_food_collision  gtim.o
    0x08003038   0x00000042   Code   RO         2948    i.clear_snake       gtim.o
    0x0800307a   0x00000002   PAD
    0x0800307c   0x00000050   Code   RO         3355    i.ct_iic_ack        ctiic.o
    0x080030cc   0x0000000a   Code   RO         3356    i.ct_iic_delay      ctiic.o
    0x080030d6   0x00000002   PAD
    0x080030d8   0x00000078   Code   RO         3357    i.ct_iic_init       ctiic.o
    0x08003150   0x00000040   Code   RO         3358    i.ct_iic_nack       ctiic.o
    0x08003190   0x0000005c   Code   RO         3359    i.ct_iic_read_byte  ctiic.o
    0x080031ec   0x0000006c   Code   RO         3360    i.ct_iic_send_byte  ctiic.o
    0x08003258   0x0000004c   Code   RO         3361    i.ct_iic_start      ctiic.o
    0x080032a4   0x00000040   Code   RO         3362    i.ct_iic_stop       ctiic.o
    0x080032e4   0x00000068   Code   RO         3363    i.ct_iic_wait_ack   ctiic.o
    0x0800334c   0x000000f0   Code   RO         2949    i.death_animation   gtim.o
    0x0800343c   0x0000000c   Code   RO          510    i.delay_init        delay.o
    0x08003448   0x00000012   Code   RO          511    i.delay_ms          delay.o
    0x0800345a   0x00000002   PAD
    0x0800345c   0x00000048   Code   RO          512    i.delay_us          delay.o
    0x080034a4   0x000000d8   Code   RO         2950    i.draw_control_buttons  gtim.o
    0x0800357c   0x00000024   Code   RO         2951    i.draw_food         gtim.o
    0x080035a0   0x00000042   Code   RO         2952    i.draw_snake        gtim.o
    0x080035e2   0x00000002   PAD
    0x080035e4   0x00000120   Code   RO         2953    i.draw_user         gtim.o
    0x08003704   0x000000e8   Code   RO         3810    i.extix_init        exti.o
    0x080037ec   0x0000001c   Code   RO          632    i.fputc             usart.o
    0x08003808   0x00000140   Code   RO         3429    i.ft5206_init       ft5206.o
    0x08003948   0x00000058   Code   RO         3430    i.ft5206_rd_reg     ft5206.o
    0x080039a0   0x000001a4   Code   RO         3431    i.ft5206_scan       ft5206.o
    0x08003b44   0x00000052   Code   RO         3432    i.ft5206_wr_reg     ft5206.o
    0x08003b96   0x00000002   PAD
    0x08003b98   0x00000554   Code   RO         2954    i.game_explain      gtim.o
    0x080040ec   0x0000002c   Code   RO         2955    i.game_loop         gtim.o
    0x08004118   0x00000070   Code   RO         2956    i.game_over         gtim.o
    0x08004188   0x00000038   Code   RO         2957    i.grow_snake        gtim.o
    0x080041c0   0x00000178   Code   RO         3488    i.gt9xxx_init       gt9xxx.o
    0x08004338   0x00000062   Code   RO         3489    i.gt9xxx_rd_reg     gt9xxx.o
    0x0800439a   0x00000002   PAD
    0x0800439c   0x000002f0   Code   RO         3490    i.gt9xxx_scan       gt9xxx.o
    0x0800468c   0x0000005c   Code   RO         3491    i.gt9xxx_wr_reg     gt9xxx.o
    0x080046e8   0x00000060   Code   RO         2958    i.gtim_timx_int_init  gtim.o
    0x08004748   0x00000054   Code   RO         3701    i.iic_ack           myiic.o
    0x0800479c   0x0000000a   Code   RO         3702    i.iic_delay         myiic.o
    0x080047a6   0x00000002   PAD
    0x080047a8   0x0000007c   Code   RO         3703    i.iic_init          myiic.o
    0x08004824   0x00000040   Code   RO         3704    i.iic_nack          myiic.o
    0x08004864   0x00000060   Code   RO         3705    i.iic_read_byte     myiic.o
    0x080048c4   0x00000070   Code   RO         3706    i.iic_send_byte     myiic.o
    0x08004934   0x00000050   Code   RO         3707    i.iic_start         myiic.o
    0x08004984   0x00000040   Code   RO         3708    i.iic_stop          myiic.o
    0x080049c4   0x00000068   Code   RO         3709    i.iic_wait_ack      myiic.o
    0x08004a2c   0x00000070   Code   RO         2959    i.init_food         gtim.o
    0x08004a9c   0x00000032   Code   RO         2960    i.init_snake        gtim.o
    0x08004ace   0x00000002   PAD
    0x08004ad0   0x00000080   Code   RO         3085    i.lcd_clear         lcd.o
    0x08004b50   0x0000016c   Code   RO         3087    i.lcd_display_dir   lcd.o
    0x08004cbc   0x000000aa   Code   RO         3090    i.lcd_draw_circle   lcd.o
    0x08004d66   0x000000ac   Code   RO         3092    i.lcd_draw_line     lcd.o
    0x08004e12   0x00000002   PAD
    0x08004e14   0x00000068   Code   RO         3093    i.lcd_draw_point    lcd.o
    0x08004e7c   0x0000004a   Code   RO         3094    i.lcd_draw_rectangle  lcd.o
    0x08004ec6   0x00000002   PAD
    0x08004ec8   0x00000558   Code   RO         3095    i.lcd_ex_ili9341_reginit  lcd.o
    0x08005420   0x000006b4   Code   RO         3096    i.lcd_ex_ili9806_reginit  lcd.o
    0x08005ad4   0x00001614   Code   RO         3097    i.lcd_ex_nt35310_reginit  lcd.o
    0x080070e8   0x00000f4c   Code   RO         3098    i.lcd_ex_nt35510_reginit  lcd.o
    0x08008034   0x0000036c   Code   RO         3099    i.lcd_ex_ssd1963_reginit  lcd.o
    0x080083a0   0x00000416   Code   RO         3100    i.lcd_ex_st7789_reginit  lcd.o
    0x080087b6   0x00000002   PAD
    0x080087b8   0x000004a8   Code   RO         3101    i.lcd_ex_st7796_reginit  lcd.o
    0x08008c60   0x000000a4   Code   RO         3102    i.lcd_fill          lcd.o
    0x08008d04   0x000005b0   Code   RO         3104    i.lcd_init          lcd.o
    0x080092b4   0x0000000c   Code   RO         3105    i.lcd_opt_delay     lcd.o
    0x080092c0   0x00000016   Code   RO         3106    i.lcd_pow           lcd.o
    0x080092d6   0x00000002   PAD
    0x080092d8   0x00000070   Code   RO         3107    i.lcd_rd_data       lcd.o
    0x08009348   0x00000528   Code   RO         3109    i.lcd_scan_dir      lcd.o
    0x08009870   0x00000450   Code   RO         3110    i.lcd_set_cursor    lcd.o
    0x08009cc0   0x00000140   Code   RO         3112    i.lcd_show_char     lcd.o
    0x08009e00   0x00000098   Code   RO         3113    i.lcd_show_num      lcd.o
    0x08009e98   0x0000006a   Code   RO         3114    i.lcd_show_string   lcd.o
    0x08009f02   0x00000002   PAD
    0x08009f04   0x00000108   Code   RO         3116    i.lcd_ssd_backlight_set  lcd.o
    0x0800a00c   0x00000028   Code   RO         3117    i.lcd_wr_xdata      lcd.o
    0x0800a034   0x00000050   Code   RO         3118    i.lcd_write_reg     lcd.o
    0x0800a084   0x00000090   Code   RO         2920    i.led_init          led.o
    0x0800a114   0x0000010c   Code   RO           13    i.main              main.o
    0x0800a220   0x00000082   Code   RO         2961    i.move_snake        gtim.o
    0x0800a2a2   0x00000002   PAD
    0x0800a2a4   0x000000c8   Code   RO         2962    i.process_touch_input  gtim.o
    0x0800a36c   0x00000042   Code   RO         3119    i.show_picture      lcd.o
    0x0800a3ae   0x00000066   Code   RO          559    i.sys_stm32_clock_init  sys.o
    0x0800a414   0x000003f0   Code   RO         3534    i.tp_adjust         touch.o
    0x0800a804   0x00000148   Code   RO         3535    i.tp_adjust_info_show  touch.o
    0x0800a94c   0x00000076   Code   RO         3537    i.tp_draw_touch_point  touch.o
    0x0800a9c2   0x00000002   PAD
    0x0800a9c4   0x00000028   Code   RO         3538    i.tp_get_adjust_data  touch.o
    0x0800a9ec   0x0000022c   Code   RO         3539    i.tp_init           touch.o
    0x0800ac18   0x000000d4   Code   RO         3540    i.tp_read_ad        touch.o
    0x0800acec   0x00000078   Code   RO         3541    i.tp_read_xoy       touch.o
    0x0800ad64   0x00000044   Code   RO         3542    i.tp_read_xy        touch.o
    0x0800ada8   0x000000b0   Code   RO         3543    i.tp_read_xy2       touch.o
    0x0800ae58   0x0000001c   Code   RO         3544    i.tp_save_adjust_data  touch.o
    0x0800ae74   0x00000130   Code   RO         3545    i.tp_scan           touch.o
    0x0800afa4   0x00000060   Code   RO         3546    i.tp_write_byte     touch.o
    0x0800b004   0x00000038   Code   RO          633    i.usart_init        usart.o
    0x0800b03c   0x0000002c   Code   RO         4098    locale$$code        c_w.l(lc_numeric_c.o)
    0x0800b068   0x00000018   Code   RO         4031    x$fpl$dcmpinf       fz_ws.l(dcmpi.o)
    0x0800b080   0x000002b0   Code   RO         3929    x$fpl$ddiv          fz_ws.l(ddiv.o)
    0x0800b330   0x0000005a   Code   RO         3932    x$fpl$dfixu         fz_ws.l(dfixu.o)
    0x0800b38a   0x0000002e   Code   RO         3937    x$fpl$dflt          fz_ws.l(dflt_clz.o)
    0x0800b3b8   0x00000026   Code   RO         3936    x$fpl$dfltu         fz_ws.l(dflt_clz.o)
    0x0800b3de   0x00000002   PAD
    0x0800b3e0   0x00000078   Code   RO         3942    x$fpl$dleqf         fz_ws.l(dleqf.o)
    0x0800b458   0x00000154   Code   RO         3944    x$fpl$dmul          fz_ws.l(dmul.o)
    0x0800b5ac   0x0000009c   Code   RO         4033    x$fpl$dnaninf       fz_ws.l(dnaninf.o)
    0x0800b648   0x0000000c   Code   RO         4035    x$fpl$dretinf       fz_ws.l(dretinf.o)
    0x0800b654   0x0000006c   Code   RO         3946    x$fpl$drleqf        fz_ws.l(drleqf.o)
    0x0800b6c0   0x000000c4   Code   RO         3948    x$fpl$fadd          fz_ws.l(faddsub_clz.o)
    0x0800b784   0x00000184   Code   RO         3955    x$fpl$fdiv          fz_ws.l(fdiv.o)
    0x0800b908   0x0000003e   Code   RO         3958    x$fpl$ffixu         fz_ws.l(ffixu.o)
    0x0800b946   0x00000002   PAD
    0x0800b948   0x00000030   Code   RO         3963    x$fpl$fflt          fz_ws.l(fflt_clz.o)
    0x0800b978   0x0000008c   Code   RO         4037    x$fpl$fnaninf       fz_ws.l(fnaninf.o)
    0x0800ba04   0x0000000a   Code   RO         4039    x$fpl$fretinf       fz_ws.l(fretinf.o)
    0x0800ba0e   0x00000002   PAD
    0x0800ba10   0x000000ea   Code   RO         3950    x$fpl$fsub          fz_ws.l(faddsub_clz.o)
    0x0800bafa   0x00000004   Code   RO         3968    x$fpl$printf1       fz_ws.l(printf1.o)
    0x0800bafe   0x00000000   Code   RO         4041    x$fpl$usenofp       fz_ws.l(usenofp.o)
    0x0800bafe   0x00000018   Data   RO          259    .constdata          system_stm32f1xx.o
    0x0800bb16   0x00017720   Data   RO          494    .constdata          array_chinese.o
    0x08023236   0x00000002   PAD
    0x08023238   0x0000000c   Data   RO         2964    .constdata          gtim.o
    0x08023244   0x00002f80   Data   RO         3121    .constdata          lcd.o
    0x080261c4   0x0000000a   Data   RO         3433    .constdata          ft5206.o
    0x080261ce   0x00000014   Data   RO         3492    .constdata          gt9xxx.o
    0x080261e2   0x00000002   PAD
    0x080261e4   0x00000004   Data   RO         3547    .constdata          touch.o
    0x080261e8   0x00000028   Data   RO         3873    .constdata          c_w.l(_printf_hex_int.o)
    0x08026210   0x00000011   Data   RO         3903    .constdata          c_w.l(__printf_flags_wp.o)
    0x08026221   0x00000003   PAD
    0x08026224   0x00000094   Data   RO         4069    .constdata          c_w.l(bigflt0.o)
    0x080262b8   0x00000079   Data   RO         3548    .conststring        touch.o
    0x08026331   0x00000003   PAD
    0x08026334   0x00000020   Data   RO         4187    Region$$Table       anon$$obj.o
    0x08026354   0x0000001c   Data   RO         4097    locale$$data        c_w.l(lc_numeric_c.o)


    Execution Region RW_IRAM1 (Base: 0x20000000, Size: 0x00000c50, Max: 0x0000c000, ABSOLUTE)

    Base Addr    Size         Type   Attr      Idx    E Section Name        Object

    0x20000000   0x00000004   Data   RW          260    .data               system_stm32f1xx.o
    0x20000004   0x00000004   Data   RW          513    .data               delay.o
    0x20000008   0x00000007   Data   RW          635    .data               usart.o
    0x2000000f   0x00000001   PAD
    0x20000010   0x00000009   Data   RW          728    .data               stm32f1xx_hal.o
    0x20000019   0x00000003   PAD
    0x2000001c   0x00000010   Data   RW         2965    .data               gtim.o
    0x2000002c   0x00000008   Data   RW         3122    .data               lcd.o
    0x20000034   0x00000001   Data   RW         3434    .data               ft5206.o
    0x20000035   0x00000002   Data   RW         3493    .data               gt9xxx.o
    0x20000037   0x00000001   PAD
    0x20000038   0x00000048   Data   RW         3549    .data               touch.o
    0x20000080   0x00000108   Zero   RW          634    .bss                usart.o
    0x20000188   0x00000370   Zero   RW         2963    .bss                gtim.o
    0x200004f8   0x0000000e   Zero   RW         3120    .bss                lcd.o
    0x20000506   0x00000002   PAD
    0x20000508   0x000000e4   Zero   RW         3917    .bss                c_w.l(rand.o)
    0x200005ec   0x00000060   Zero   RW         4109    .bss                c_w.l(libspace.o)
    0x2000064c   0x00000004   PAD
    0x20000650   0x00000200   Zero   RW            2    HEAP                startup_stm32f103xe.o
    0x20000850   0x00000400   Zero   RW            1    STACK               startup_stm32f103xe.o


==============================================================================

Image component sizes


      Code (inc. data)   RO Data    RW Data    ZI Data      Debug   Object Name

       236          0          0          0          0       3687   24cxx.o
         0          0      96032          0          0       3147   array_chinese.o
       718         44          0          0          0       5838   ctiic.o
       102         10          0          4          0       2099   delay.o
       460         56          0          0          0       3537   exti.o
       910         38         10          1          0       4205   ft5206.o
      1318         74         20          2          0       4371   gt9xxx.o
      3650        404         12         16        880      14741   gtim.o
     22184        364      12160          8         14      44648   lcd.o
       144         12          0          0          0       1031   led.o
       268         46          0          0          0     484787   main.o
       738         40          0          0          0       5706   myiic.o
        64         26        304          0       1536        976   startup_stm32f103xe.o
       154         32          0          9          0       6899   stm32f1xx_hal.o
       372         28          0          0          0      30681   stm32f1xx_hal_cortex.o
       424         10          0          0          0       1367   stm32f1xx_hal_dma.o
       908         44          0          0          0       4963   stm32f1xx_hal_gpio.o
      1784        110          0          0          0       6560   stm32f1xx_hal_rcc.o
       404         44          0          0          0       3444   stm32f1xx_hal_tim.o
      1162         10          0          0          0       8519   stm32f1xx_hal_uart.o
        32          0          0          0          0       4454   stm32f1xx_it.o
       102          0          0          0          0        775   sys.o
         2          0         24          4          0       1531   system_stm32f1xx.o
      3054        160        125         72          0      12098   touch.o
       440         56          0          7        264       5921   usart.o

    ----------------------------------------------------------------------
     39672       1608     108726        128       2696     665985   Object Totals
         0          0         32          0          0          0   (incl. Generated)
        42          0          7          5          2          0   (incl. Padding)

    ----------------------------------------------------------------------

      Code (inc. data)   RO Data    RW Data    ZI Data      Debug   Library Member Name

         8          0          0          0          0         68   __main.o
       312          4         17          0          0         92   __printf_flags_wp.o
        14          0          0          0          0         68   __printf_wp.o
         0          0          0          0          0          0   __rtentry.o
        12          0          0          0          0          0   __rtentry2.o
         6          0          0          0          0          0   __rtentry4.o
        52          8          0          0          0          0   __scatter.o
        26          0          0          0          0          0   __scatter_copy.o
        28          0          0          0          0          0   __scatter_zi.o
        44          0          0          0          0        108   _printf_char.o
        48          6          0          0          0         96   _printf_char_common.o
        36          4          0          0          0         80   _printf_char_file.o
         6          0          0          0          0          0   _printf_d.o
       120         16          0          0          0         92   _printf_dec.o
         6          0          0          0          0          0   _printf_f.o
      1050          0          0          0          0        216   _printf_fp_dec.o
       128         16          0          0          0         84   _printf_fp_infnan.o
        88          4         40          0          0         88   _printf_hex_int.o
       178          0          0          0          0         88   _printf_intcommon.o
         0          0          0          0          0          0   _printf_percent.o
         4          0          0          0          0          0   _printf_percent_end.o
         6          0          0          0          0          0   _printf_s.o
        82          0          0          0          0         80   _printf_str.o
         6          0          0          0          0          0   _printf_x.o
        10          0          0          0          0         68   _sputc.o
       220          4        148          0          0         96   bigflt0.o
      1910        128          0          0          0        672   btod.o
        18          0          0          0          0         80   exit.o
         8          0          0          0          0         68   ferror.o
         6          0          0          0          0        152   heapauxi.o
        44         10         28          0          0         76   lc_numeric_c.o
         2          0          0          0          0          0   libinit.o
        22          0          0          0          0          0   libinit2.o
         2          0          0          0          0          0   libshutdown.o
         2          0          0          0          0          0   libshutdown2.o
         8          4          0          0         96         68   libspace.o
       138          0          0          0          0         80   lludiv10.o
        24          4          0          0          0         84   noretval__2printf.o
        40          6          0          0          0         84   noretval__2sprintf.o
       112         18          0          0        228        160   rand.o
         8          4          0          0          0         68   rt_locale_intlibspace.o
        78          0          0          0          0         80   rt_memclr_w.o
         2          0          0          0          0          0   rtexit.o
        10          0          0          0          0          0   rtexit2.o
       128          0          0          0          0         68   strcmpv7m.o
        74          0          0          0          0         80   sys_stackheap_outer.o
         2          0          0          0          0         68   use_no_semi.o
         2          0          0          0          0         68   use_no_semi_2.o
        24          0          0          0          0         68   dcmpi.o
       688        140          0          0          0        208   ddiv.o
        90          4          0          0          0         92   dfixu.o
        84          0          0          0          0        136   dflt_clz.o
       120          4          0          0          0         92   dleqf.o
       340         12          0          0          0        104   dmul.o
       156          4          0          0          0         92   dnaninf.o
        12          0          0          0          0         68   dretinf.o
       108          0          0          0          0         80   drleqf.o
       430          8          0          0          0        168   faddsub_clz.o
       388         76          0          0          0         96   fdiv.o
        62          4          0          0          0         84   ffixu.o
        48          0          0          0          0         68   fflt_clz.o
       140          4          0          0          0         84   fnaninf.o
        10          0          0          0          0         68   fretinf.o
         4          0          0          0          0         68   printf1.o
         0          0          0          0          0          0   usenofp.o
        40          0          0          0          0         68   fpclassify.o

    ----------------------------------------------------------------------
      7894        492        236          0        328       4924   Library Totals
        20          0          3          0          4          0   (incl. Padding)

    ----------------------------------------------------------------------

      Code (inc. data)   RO Data    RW Data    ZI Data      Debug   Library Name

      5130        236        233          0        324       3280   c_w.l
      2704        256          0          0          0       1576   fz_ws.l
        40          0          0          0          0         68   m_ws.l

    ----------------------------------------------------------------------
      7894        492        236          0        328       4924   Library Totals

    ----------------------------------------------------------------------

==============================================================================


      Code (inc. data)   RO Data    RW Data    ZI Data      Debug   

     47566       2100     108962        128       3024     660193   Grand Totals
     47566       2100     108962        128       3024     660193   ELF Image Totals
     47566       2100     108962        128          0          0   ROM Totals

==============================================================================

    Total RO  Size (Code + RO Data)               156528 ( 152.86kB)
    Total RW  Size (RW Data + ZI Data)              3152 (   3.08kB)
    Total ROM Size (Code + RO Data + RW Data)     156656 ( 152.98kB)

==============================================================================

