<html>
<body>
<pre>
<h1>礦ision Build Log</h1>
<h2>Tool Versions:</h2>
IDE-Version: μVision V5.23.0.0
Copyright (C) 2017 ARM Ltd and ARM Germany GmbH. All rights reserved.
License Information: 1 ROG, 1, LIC=UJWP0-BLS5T-Z9MG9-4JDL6-9YMSF-35VIA
 
Tool Versions:
Toolchain:       MDK-ARM Plus  Version: 5.23
Toolchain Path:  C:\Keil_v5\ARM\ARMCC\Bin
C Compiler:      Armcc.exe V5.06 update 4 (build 422)
Assembler:       Armasm.exe V5.06 update 4 (build 422)
Linker/Locator:  ArmLink.exe V5.06 update 4 (build 422)
Library Manager: ArmAr.exe V5.06 update 4 (build 422)
Hex Converter:   FromElf.exe V5.06 update 4 (build 422)
CPU DLL:         SARMCM3.DLL V5.23
Dialog DLL:      DCM.DLL V1.15.0.0
Target DLL:      CMSIS_AGDI.dll V1.27.5.0
Dialog DLL:      TCM.DLL V1.27.0.0
 
<h2>Project:</h2>
C:\Users\ROG\Documents\【正点原子】MiniSTM32F103开发板 V4\实验8-1 通用定时器中断实验\Projects\MDK-ARM\atk_f103.uvprojx
Project File Date:  12/05/2024

<h2>Output:</h2>
*** Using Compiler 'V5.06 update 4 (build 422)', folder: 'C:\Keil_v5\ARM\ARMCC\Bin'
Rebuild target 'GTIM'
assembling startup_stm32f103xe.s...
compiling array_chinese.c...
compiling stm32f1xx_it.c...
compiling main.c...
..\..\Drivers\./BSP/TIMER/gtim.h(97): warning:  #1295-D: Deprecated declaration game_explain - give arg types
  void game_explain();
..\..\Drivers\./BSP/TIMER/gtim.h(99): warning:  #1295-D: Deprecated declaration Show_Score - give arg types
  void Show_Score();
..\..\Drivers\./BSP/TIMER/gtim.h(103): warning:  #1295-D: Deprecated declaration draw_user - give arg types
  void draw_user();
..\..\User\main.c: 3 warnings, 0 errors
compiling stm32f1xx_hal_gpio.c...
compiling led.c...
compiling stm32f1xx_hal_dma.c...
compiling stm32f1xx_hal_rcc.c...
compiling stm32f1xx_hal_cortex.c...
compiling sys.c...
compiling stm32f1xx_hal.c...
compiling stm32f1xx_hal_gpio_ex.c...
compiling ctiic.c...
compiling system_stm32f1xx.c...
compiling gtim.c...
..\..\Drivers\./BSP/TIMER/gtim.h(97): warning:  #1295-D: Deprecated declaration game_explain - give arg types
  void game_explain();
..\..\Drivers\./BSP/TIMER/gtim.h(99): warning:  #1295-D: Deprecated declaration Show_Score - give arg types
  void Show_Score();
..\..\Drivers\./BSP/TIMER/gtim.h(103): warning:  #1295-D: Deprecated declaration draw_user - give arg types
  void draw_user();
..\..\Drivers\BSP\TIMER\gtim.c: 3 warnings, 0 errors
compiling stm32f1xx_hal_uart.c...
compiling delay.c...
compiling usart.c...
compiling gt9xxx.c...
compiling stm32f1xx_hal_usart.c...
compiling ft5206.c...
compiling stm32f1xx_hal_rcc_ex.c...
compiling 24cxx.c...
compiling stm32f1xx_hal_tim_ex.c...
compiling touch.c...
compiling key.c...
compiling myiic.c...
compiling stm32f1xx_hal_tim.c...
compiling exti.c...
..\..\Drivers\./BSP/TIMER/gtim.h(97): warning:  #1295-D: Deprecated declaration game_explain - give arg types
  void game_explain();
..\..\Drivers\./BSP/TIMER/gtim.h(99): warning:  #1295-D: Deprecated declaration Show_Score - give arg types
  void Show_Score();
..\..\Drivers\./BSP/TIMER/gtim.h(103): warning:  #1295-D: Deprecated declaration draw_user - give arg types
  void draw_user();
..\..\Drivers\BSP\EXTI\exti.c: 3 warnings, 0 errors
compiling lcd.c...
linking...
Program Size: Code=47566 RO-data=108962 RW-data=128 ZI-data=3024  
FromELF: creating hex file...
"..\..\Output\atk_f103.axf" - 0 Error(s), 9 Warning(s).

<h2>Collection of Component include folders:</h2>
  .\RTE\_GTIM
  C:\Users\ROG\AppData\Local\Arm\Packs\Keil\STM32F1xx_DFP\2.4.1\Device\Include

<h2>Collection of Component Files used:</h2>
Build Time Elapsed:  00:00:04
</pre>
</body>
</html>
